2025-08-04 15:51:28,380 - INFO - [in /app/logging_config.py:49] - Logging has been successfully configured.
2025-08-04 16:11:52,229 - INFO - [in /app/logging_config.py:49] - Logging has been successfully configured.
2025-08-04 16:20:50,825 - INFO - [in /app/logging_config.py:49] - Logging has been successfully configured.
2025-08-04 16:38:34,731 - INFO - [in /app/logging_config.py:49] - Logging has been successfully configured.
2025-08-04 16:55:57,086 - INFO - [in /app/logging_config.py:49] - Logging has been successfully configured.
2025-08-04 17:00:49,150 - INFO - [in /app/logging_config.py:49] - Logging has been successfully configured.
2025-08-04 17:11:14,569 - INFO - [in /app/logging_config.py:49] - Logging has been successfully configured.
2025-08-04 17:11:52,583 - INFO - [in /app/logging_config.py:49] - Logging has been successfully configured.
2025-08-04 17:12:59,277 - INFO - [in /app/logging_config.py:49] - Logging has been successfully configured.
2025-08-04 17:20:32,135 - INFO - [in /app/logging_config.py:49] - Logging has been successfully configured.
2025-08-04 17:23:07,572 - INFO - [in /app/logging_config.py:49] - Logging has been successfully configured.
2025-08-04 17:23:42,820 - INFO - [in /app/app.py:333] - --- Starting new processing job for: 2025_-_S-161-ES__Email_and_Instant_Messaging_Secur_20250711192313_processed_1.2.zip ---
2025-08-04 17:23:42,821 - INFO - [in /app/app.py:334] - Parameters: SCORM Type='1.2', KnowBe4='False', Logo Provided='False', License Key Provided='False'
2025-08-04 17:23:42,823 - INFO - [in /app/app.py:346] - Unzipping 2025_-_S-161-ES__Email_and_Instant_Messaging_Secur_20250711192313_processed_1.2.zip to processed/_temp_2025_-_S-161-ES__Email_and_Instant_Messaging_Secur_20250711192313_processed_1.2.zip
2025-08-04 17:23:43,862 - INFO - [in /app/app.py:350] - Unzipping complete.
2025-08-04 17:23:43,863 - INFO - [in /app/app.py:355] - Detected engine type: iengine5
2025-08-04 17:23:43,864 - INFO - [in /app/app.py:133] - Starting file cleanup process.
2025-08-04 17:23:43,875 - INFO - [in /app/app.py:145] - Removed file: README.md
2025-08-04 17:23:43,876 - INFO - [in /app/app.py:167] - File cleanup process completed.
2025-08-04 17:23:43,876 - INFO - [in /app/app.py:374] - Validating manifest files.
2025-08-04 17:23:43,877 - ERROR - [in /app/app.py:379] - Manifest validation failed.
2025-08-04 17:23:43,877 - ERROR - [in /app/app.py:424] - --- Processing job for 2025_-_S-161-ES__Email_and_Instant_Messaging_Secur_20250711192313_processed_1.2.zip failed: Package does not contain both 'imsmanifest.xml' and 'imsmanifest_SCORM2004.xml'. ---
Traceback (most recent call last):
  File "/app/app.py", line 414, in process_package_stream
    log_line = next(flow)
               ^^^^^^^^^^
  File "/app/app.py", line 380, in main_processing_flow
    raise ValueError("Package does not contain both 'imsmanifest.xml' and 'imsmanifest_SCORM2004.xml'.")
ValueError: Package does not contain both 'imsmanifest.xml' and 'imsmanifest_SCORM2004.xml'.
2025-08-04 17:23:45,327 - INFO - [in /app/app.py:333] - --- Starting new processing job for: 2025_-_S-161-IR__Incident_Reporting-ITS_Logistics_20250711192425.zip ---
2025-08-04 17:23:45,328 - INFO - [in /app/app.py:334] - Parameters: SCORM Type='1.2', KnowBe4='False', Logo Provided='False', License Key Provided='False'
2025-08-04 17:23:45,329 - INFO - [in /app/app.py:346] - Unzipping 2025_-_S-161-IR__Incident_Reporting-ITS_Logistics_20250711192425.zip to processed/_temp_2025_-_S-161-IR__Incident_Reporting-ITS_Logistics_20250711192425.zip
2025-08-04 17:23:47,772 - INFO - [in /app/app.py:350] - Unzipping complete.
2025-08-04 17:23:47,773 - INFO - [in /app/app.py:355] - Detected engine type: iengine5
2025-08-04 17:23:47,774 - INFO - [in /app/app.py:133] - Starting file cleanup process.
2025-08-04 17:23:47,805 - INFO - [in /app/app.py:145] - Removed file: README.md
2025-08-04 17:23:47,806 - INFO - [in /app/app.py:167] - File cleanup process completed.
2025-08-04 17:23:47,807 - INFO - [in /app/app.py:374] - Validating manifest files.
2025-08-04 17:23:47,807 - INFO - [in /app/app.py:382] - Manifests validated.
2025-08-04 17:23:47,808 - INFO - [in /app/app.py:390] - Updating manifest for SCORM 1.2.
2025-08-04 17:23:47,809 - INFO - [in /app/app.py:393] - Manifest update complete.
2025-08-04 17:23:47,809 - INFO - [in /app/app.py:172] - Starting to edit adminsettings.xml files for SCORM 1.2.
2025-08-04 17:23:47,811 - INFO - [in /app/app.py:180] - Processing adminsettings.xml at: xmls/ru/adminsettings.xml
2025-08-04 17:23:47,813 - INFO - [in /app/app.py:192] - Set <UseScorm> to 'true' in xmls/ru/adminsettings.xml
2025-08-04 17:23:47,814 - INFO - [in /app/app.py:192] - Set <UseScormVersion12> to 'true' in xmls/ru/adminsettings.xml
2025-08-04 17:23:47,815 - INFO - [in /app/app.py:192] - Set <UseScormVersion2004> to 'false' in xmls/ru/adminsettings.xml
2025-08-04 17:23:47,816 - INFO - [in /app/app.py:192] - Set <URLOnExit> to '' in xmls/ru/adminsettings.xml
2025-08-04 17:23:47,817 - INFO - [in /app/app.py:192] - Set <ReviewMode> to 'false' in xmls/ru/adminsettings.xml
2025-08-04 17:23:47,818 - INFO - [in /app/app.py:192] - Set <HostedOniLMS> to 'false' in xmls/ru/adminsettings.xml
2025-08-04 17:23:47,821 - INFO - [in /app/app.py:180] - Processing adminsettings.xml at: xmls/fr-CA/adminsettings.xml
2025-08-04 17:23:47,822 - INFO - [in /app/app.py:192] - Set <UseScorm> to 'true' in xmls/fr-CA/adminsettings.xml
2025-08-04 17:23:47,823 - INFO - [in /app/app.py:192] - Set <UseScormVersion12> to 'true' in xmls/fr-CA/adminsettings.xml
2025-08-04 17:23:47,824 - INFO - [in /app/app.py:192] - Set <UseScormVersion2004> to 'false' in xmls/fr-CA/adminsettings.xml
2025-08-04 17:23:47,824 - INFO - [in /app/app.py:192] - Set <URLOnExit> to '' in xmls/fr-CA/adminsettings.xml
2025-08-04 17:23:47,825 - INFO - [in /app/app.py:192] - Set <ReviewMode> to 'false' in xmls/fr-CA/adminsettings.xml
2025-08-04 17:23:47,825 - INFO - [in /app/app.py:192] - Set <HostedOniLMS> to 'false' in xmls/fr-CA/adminsettings.xml
2025-08-04 17:23:47,827 - INFO - [in /app/app.py:180] - Processing adminsettings.xml at: xmls/de/adminsettings.xml
2025-08-04 17:23:47,828 - INFO - [in /app/app.py:192] - Set <UseScorm> to 'true' in xmls/de/adminsettings.xml
2025-08-04 17:23:47,829 - INFO - [in /app/app.py:192] - Set <UseScormVersion12> to 'true' in xmls/de/adminsettings.xml
2025-08-04 17:23:47,829 - INFO - [in /app/app.py:192] - Set <UseScormVersion2004> to 'false' in xmls/de/adminsettings.xml
2025-08-04 17:23:47,829 - INFO - [in /app/app.py:192] - Set <URLOnExit> to '' in xmls/de/adminsettings.xml
2025-08-04 17:23:47,830 - INFO - [in /app/app.py:192] - Set <ReviewMode> to 'false' in xmls/de/adminsettings.xml
2025-08-04 17:23:47,830 - INFO - [in /app/app.py:192] - Set <HostedOniLMS> to 'false' in xmls/de/adminsettings.xml
2025-08-04 17:23:47,833 - INFO - [in /app/app.py:180] - Processing adminsettings.xml at: xmls/no/adminsettings.xml
2025-08-04 17:23:47,834 - INFO - [in /app/app.py:192] - Set <UseScorm> to 'true' in xmls/no/adminsettings.xml
2025-08-04 17:23:47,835 - INFO - [in /app/app.py:192] - Set <UseScormVersion12> to 'true' in xmls/no/adminsettings.xml
2025-08-04 17:23:47,836 - INFO - [in /app/app.py:192] - Set <UseScormVersion2004> to 'false' in xmls/no/adminsettings.xml
2025-08-04 17:23:47,837 - INFO - [in /app/app.py:192] - Set <URLOnExit> to '' in xmls/no/adminsettings.xml
2025-08-04 17:23:47,837 - INFO - [in /app/app.py:192] - Set <ReviewMode> to 'false' in xmls/no/adminsettings.xml
2025-08-04 17:23:47,837 - INFO - [in /app/app.py:192] - Set <HostedOniLMS> to 'false' in xmls/no/adminsettings.xml
2025-08-04 17:23:47,839 - INFO - [in /app/app.py:180] - Processing adminsettings.xml at: xmls/ja/adminsettings.xml
2025-08-04 17:23:47,840 - INFO - [in /app/app.py:192] - Set <UseScorm> to 'true' in xmls/ja/adminsettings.xml
2025-08-04 17:23:47,841 - INFO - [in /app/app.py:192] - Set <UseScormVersion12> to 'true' in xmls/ja/adminsettings.xml
2025-08-04 17:23:47,841 - INFO - [in /app/app.py:192] - Set <UseScormVersion2004> to 'false' in xmls/ja/adminsettings.xml
2025-08-04 17:23:47,842 - INFO - [in /app/app.py:192] - Set <URLOnExit> to '' in xmls/ja/adminsettings.xml
2025-08-04 17:23:47,843 - INFO - [in /app/app.py:192] - Set <ReviewMode> to 'false' in xmls/ja/adminsettings.xml
2025-08-04 17:23:47,843 - INFO - [in /app/app.py:192] - Set <HostedOniLMS> to 'false' in xmls/ja/adminsettings.xml
2025-08-04 17:23:47,846 - INFO - [in /app/app.py:180] - Processing adminsettings.xml at: xmls/ko/adminsettings.xml
2025-08-04 17:23:47,846 - INFO - [in /app/app.py:192] - Set <UseScorm> to 'true' in xmls/ko/adminsettings.xml
2025-08-04 17:23:47,847 - INFO - [in /app/app.py:192] - Set <UseScormVersion12> to 'true' in xmls/ko/adminsettings.xml
2025-08-04 17:23:47,848 - INFO - [in /app/app.py:192] - Set <UseScormVersion2004> to 'false' in xmls/ko/adminsettings.xml
2025-08-04 17:23:47,849 - INFO - [in /app/app.py:192] - Set <URLOnExit> to '' in xmls/ko/adminsettings.xml
2025-08-04 17:23:47,849 - INFO - [in /app/app.py:192] - Set <ReviewMode> to 'false' in xmls/ko/adminsettings.xml
2025-08-04 17:23:47,851 - INFO - [in /app/app.py:192] - Set <HostedOniLMS> to 'false' in xmls/ko/adminsettings.xml
2025-08-04 17:23:47,853 - INFO - [in /app/app.py:180] - Processing adminsettings.xml at: xmls/zh-TW/adminsettings.xml
2025-08-04 17:23:47,854 - INFO - [in /app/app.py:192] - Set <UseScorm> to 'true' in xmls/zh-TW/adminsettings.xml
2025-08-04 17:23:47,855 - INFO - [in /app/app.py:192] - Set <UseScormVersion12> to 'true' in xmls/zh-TW/adminsettings.xml
2025-08-04 17:23:47,856 - INFO - [in /app/app.py:192] - Set <UseScormVersion2004> to 'false' in xmls/zh-TW/adminsettings.xml
2025-08-04 17:23:47,856 - INFO - [in /app/app.py:192] - Set <URLOnExit> to '' in xmls/zh-TW/adminsettings.xml
2025-08-04 17:23:47,857 - INFO - [in /app/app.py:192] - Set <ReviewMode> to 'false' in xmls/zh-TW/adminsettings.xml
2025-08-04 17:23:47,857 - INFO - [in /app/app.py:192] - Set <HostedOniLMS> to 'false' in xmls/zh-TW/adminsettings.xml
2025-08-04 17:23:47,859 - INFO - [in /app/app.py:180] - Processing adminsettings.xml at: xmls/da/adminsettings.xml
2025-08-04 17:23:47,861 - INFO - [in /app/app.py:192] - Set <UseScorm> to 'true' in xmls/da/adminsettings.xml
2025-08-04 17:23:47,861 - INFO - [in /app/app.py:192] - Set <UseScormVersion12> to 'true' in xmls/da/adminsettings.xml
2025-08-04 17:23:47,862 - INFO - [in /app/app.py:192] - Set <UseScormVersion2004> to 'false' in xmls/da/adminsettings.xml
2025-08-04 17:23:47,862 - INFO - [in /app/app.py:192] - Set <URLOnExit> to '' in xmls/da/adminsettings.xml
2025-08-04 17:23:47,863 - INFO - [in /app/app.py:192] - Set <ReviewMode> to 'false' in xmls/da/adminsettings.xml
2025-08-04 17:23:47,863 - INFO - [in /app/app.py:192] - Set <HostedOniLMS> to 'false' in xmls/da/adminsettings.xml
2025-08-04 17:23:47,865 - INFO - [in /app/app.py:180] - Processing adminsettings.xml at: xmls/sv/adminsettings.xml
2025-08-04 17:23:47,867 - INFO - [in /app/app.py:192] - Set <UseScorm> to 'true' in xmls/sv/adminsettings.xml
2025-08-04 17:23:47,868 - INFO - [in /app/app.py:192] - Set <UseScormVersion12> to 'true' in xmls/sv/adminsettings.xml
2025-08-04 17:23:47,869 - INFO - [in /app/app.py:192] - Set <UseScormVersion2004> to 'false' in xmls/sv/adminsettings.xml
2025-08-04 17:23:47,869 - INFO - [in /app/app.py:192] - Set <URLOnExit> to '' in xmls/sv/adminsettings.xml
2025-08-04 17:23:47,870 - INFO - [in /app/app.py:192] - Set <ReviewMode> to 'false' in xmls/sv/adminsettings.xml
2025-08-04 17:23:47,870 - INFO - [in /app/app.py:192] - Set <HostedOniLMS> to 'false' in xmls/sv/adminsettings.xml
2025-08-04 17:23:47,873 - INFO - [in /app/app.py:180] - Processing adminsettings.xml at: xmls/pt-BR/adminsettings.xml
2025-08-04 17:23:47,874 - INFO - [in /app/app.py:192] - Set <UseScorm> to 'true' in xmls/pt-BR/adminsettings.xml
2025-08-04 17:23:47,875 - INFO - [in /app/app.py:192] - Set <UseScormVersion12> to 'true' in xmls/pt-BR/adminsettings.xml
2025-08-04 17:23:47,876 - INFO - [in /app/app.py:192] - Set <UseScormVersion2004> to 'false' in xmls/pt-BR/adminsettings.xml
2025-08-04 17:23:47,876 - INFO - [in /app/app.py:192] - Set <URLOnExit> to '' in xmls/pt-BR/adminsettings.xml
2025-08-04 17:23:47,877 - INFO - [in /app/app.py:192] - Set <ReviewMode> to 'false' in xmls/pt-BR/adminsettings.xml
2025-08-04 17:23:47,878 - INFO - [in /app/app.py:192] - Set <HostedOniLMS> to 'false' in xmls/pt-BR/adminsettings.xml
2025-08-04 17:23:47,880 - INFO - [in /app/app.py:180] - Processing adminsettings.xml at: xmls/en/adminsettings.xml
2025-08-04 17:23:47,881 - INFO - [in /app/app.py:192] - Set <UseScorm> to 'true' in xmls/en/adminsettings.xml
2025-08-04 17:23:47,882 - INFO - [in /app/app.py:192] - Set <UseScormVersion12> to 'true' in xmls/en/adminsettings.xml
2025-08-04 17:23:47,883 - INFO - [in /app/app.py:192] - Set <UseScormVersion2004> to 'false' in xmls/en/adminsettings.xml
2025-08-04 17:23:47,884 - INFO - [in /app/app.py:192] - Set <URLOnExit> to '' in xmls/en/adminsettings.xml
2025-08-04 17:23:47,885 - INFO - [in /app/app.py:192] - Set <ReviewMode> to 'false' in xmls/en/adminsettings.xml
2025-08-04 17:23:47,886 - INFO - [in /app/app.py:192] - Set <HostedOniLMS> to 'false' in xmls/en/adminsettings.xml
2025-08-04 17:23:47,888 - INFO - [in /app/app.py:180] - Processing adminsettings.xml at: xmls/es-LA/adminsettings.xml
2025-08-04 17:23:47,889 - INFO - [in /app/app.py:192] - Set <UseScorm> to 'true' in xmls/es-LA/adminsettings.xml
2025-08-04 17:23:47,890 - INFO - [in /app/app.py:192] - Set <UseScormVersion12> to 'true' in xmls/es-LA/adminsettings.xml
2025-08-04 17:23:47,890 - INFO - [in /app/app.py:192] - Set <UseScormVersion2004> to 'false' in xmls/es-LA/adminsettings.xml
2025-08-04 17:23:47,891 - INFO - [in /app/app.py:192] - Set <URLOnExit> to '' in xmls/es-LA/adminsettings.xml
2025-08-04 17:23:47,892 - INFO - [in /app/app.py:192] - Set <ReviewMode> to 'false' in xmls/es-LA/adminsettings.xml
2025-08-04 17:23:47,892 - INFO - [in /app/app.py:192] - Set <HostedOniLMS> to 'false' in xmls/es-LA/adminsettings.xml
2025-08-04 17:23:47,894 - INFO - [in /app/app.py:180] - Processing adminsettings.xml at: xmls/fr/adminsettings.xml
2025-08-04 17:23:47,895 - INFO - [in /app/app.py:192] - Set <UseScorm> to 'true' in xmls/fr/adminsettings.xml
2025-08-04 17:23:47,896 - INFO - [in /app/app.py:192] - Set <UseScormVersion12> to 'true' in xmls/fr/adminsettings.xml
2025-08-04 17:23:47,896 - INFO - [in /app/app.py:192] - Set <UseScormVersion2004> to 'false' in xmls/fr/adminsettings.xml
2025-08-04 17:23:47,897 - INFO - [in /app/app.py:192] - Set <URLOnExit> to '' in xmls/fr/adminsettings.xml
2025-08-04 17:23:47,897 - INFO - [in /app/app.py:192] - Set <ReviewMode> to 'false' in xmls/fr/adminsettings.xml
2025-08-04 17:23:47,898 - INFO - [in /app/app.py:192] - Set <HostedOniLMS> to 'false' in xmls/fr/adminsettings.xml
2025-08-04 17:23:47,901 - INFO - [in /app/app.py:180] - Processing adminsettings.xml at: xmls/en-GB/adminsettings.xml
2025-08-04 17:23:47,902 - INFO - [in /app/app.py:192] - Set <UseScorm> to 'true' in xmls/en-GB/adminsettings.xml
2025-08-04 17:23:47,903 - INFO - [in /app/app.py:192] - Set <UseScormVersion12> to 'true' in xmls/en-GB/adminsettings.xml
2025-08-04 17:23:47,904 - INFO - [in /app/app.py:192] - Set <UseScormVersion2004> to 'false' in xmls/en-GB/adminsettings.xml
2025-08-04 17:23:47,904 - INFO - [in /app/app.py:192] - Set <URLOnExit> to '' in xmls/en-GB/adminsettings.xml
2025-08-04 17:23:47,905 - INFO - [in /app/app.py:192] - Set <ReviewMode> to 'false' in xmls/en-GB/adminsettings.xml
2025-08-04 17:23:47,905 - INFO - [in /app/app.py:192] - Set <HostedOniLMS> to 'false' in xmls/en-GB/adminsettings.xml
2025-08-04 17:23:47,907 - INFO - [in /app/app.py:180] - Processing adminsettings.xml at: xmls/zh-CN/adminsettings.xml
2025-08-04 17:23:47,908 - INFO - [in /app/app.py:192] - Set <UseScorm> to 'true' in xmls/zh-CN/adminsettings.xml
2025-08-04 17:23:47,909 - INFO - [in /app/app.py:192] - Set <UseScormVersion12> to 'true' in xmls/zh-CN/adminsettings.xml
2025-08-04 17:23:47,909 - INFO - [in /app/app.py:192] - Set <UseScormVersion2004> to 'false' in xmls/zh-CN/adminsettings.xml
2025-08-04 17:23:47,910 - INFO - [in /app/app.py:192] - Set <URLOnExit> to '' in xmls/zh-CN/adminsettings.xml
2025-08-04 17:23:47,910 - INFO - [in /app/app.py:192] - Set <ReviewMode> to 'false' in xmls/zh-CN/adminsettings.xml
2025-08-04 17:23:47,911 - INFO - [in /app/app.py:192] - Set <HostedOniLMS> to 'false' in xmls/zh-CN/adminsettings.xml
2025-08-04 17:23:47,912 - INFO - [in /app/app.py:180] - Processing adminsettings.xml at: xmls/es/adminsettings.xml
2025-08-04 17:23:47,913 - INFO - [in /app/app.py:192] - Set <UseScorm> to 'true' in xmls/es/adminsettings.xml
2025-08-04 17:23:47,914 - INFO - [in /app/app.py:192] - Set <UseScormVersion12> to 'true' in xmls/es/adminsettings.xml
2025-08-04 17:23:47,915 - INFO - [in /app/app.py:192] - Set <UseScormVersion2004> to 'false' in xmls/es/adminsettings.xml
2025-08-04 17:23:47,916 - INFO - [in /app/app.py:192] - Set <URLOnExit> to '' in xmls/es/adminsettings.xml
2025-08-04 17:23:47,917 - INFO - [in /app/app.py:192] - Set <ReviewMode> to 'false' in xmls/es/adminsettings.xml
2025-08-04 17:23:47,918 - INFO - [in /app/app.py:192] - Set <HostedOniLMS> to 'false' in xmls/es/adminsettings.xml
2025-08-04 17:23:47,921 - INFO - [in /app/app.py:180] - Processing adminsettings.xml at: xmls/it/adminsettings.xml
2025-08-04 17:23:47,922 - INFO - [in /app/app.py:192] - Set <UseScorm> to 'true' in xmls/it/adminsettings.xml
2025-08-04 17:23:47,923 - INFO - [in /app/app.py:192] - Set <UseScormVersion12> to 'true' in xmls/it/adminsettings.xml
2025-08-04 17:23:47,923 - INFO - [in /app/app.py:192] - Set <UseScormVersion2004> to 'false' in xmls/it/adminsettings.xml
2025-08-04 17:23:47,924 - INFO - [in /app/app.py:192] - Set <URLOnExit> to '' in xmls/it/adminsettings.xml
2025-08-04 17:23:47,924 - INFO - [in /app/app.py:192] - Set <ReviewMode> to 'false' in xmls/it/adminsettings.xml
2025-08-04 17:23:47,925 - INFO - [in /app/app.py:192] - Set <HostedOniLMS> to 'false' in xmls/it/adminsettings.xml
2025-08-04 17:23:47,927 - INFO - [in /app/app.py:233] - Finished processing 17 adminsettings.xml file(s).
2025-08-04 17:23:47,927 - INFO - [in /app/app.py:402] - Re-zipping the package.
2025-08-04 17:23:54,802 - INFO - [in /app/app.py:407] - Successfully created processed file: 2025_-_S-161-IR__Incident_Reporting-ITS_Logistics_20250711192425_processed_1.2.zip
2025-08-04 17:23:54,808 - INFO - [in /app/app.py:422] - --- Successfully finished processing job for: 2025_-_S-161-IR__Incident_Reporting-ITS_Logistics_20250711192425.zip ---
2025-08-04 17:36:04,188 - INFO - [in /app/logging_config.py:49] - Logging has been successfully configured.
2025-08-04 17:36:04,188 - INFO - [in /app/logging_config.py:49] - Logging has been successfully configured.
2025-08-04 17:36:04,188 - INFO - [in /app/logging_config.py:49] - Logging has been successfully configured.
2025-08-04 17:36:04,190 - INFO - [in /app/logging_config.py:49] - Logging has been successfully configured.
2025-08-04 17:36:04,239 - INFO - [in /app/logging_config.py:49] - Logging has been successfully configured.
2025-08-04 17:36:47,971 - INFO - [in /app/app.py:321] - --- Starting new processing job for: Abusive_Conduct_-Ramon_Test_Org_20250502191753.zip ---
2025-08-04 17:36:47,972 - INFO - [in /app/app.py:322] - Parameters: SCORM Type='1.2', KnowBe4='False', Logo Provided='False', License Key Provided='False'
2025-08-04 17:36:47,973 - INFO - [in /app/app.py:334] - Unzipping Abusive_Conduct_-Ramon_Test_Org_20250502191753.zip to processed/_temp_Abusive_Conduct_-Ramon_Test_Org_20250502191753.zip
2025-08-04 17:36:48,098 - INFO - [in /app/app.py:338] - Unzipping complete.
2025-08-04 17:36:48,099 - INFO - [in /app/app.py:342] - Validating for imsmanifest.xml
2025-08-04 17:36:48,100 - INFO - [in /app/app.py:348] - Manifest found.
2025-08-04 17:36:48,100 - INFO - [in /app/app.py:353] - Detected engine type: iengine6
2025-08-04 17:36:48,101 - INFO - [in /app/app.py:121] - Starting file cleanup process.
2025-08-04 17:36:48,103 - INFO - [in /app/app.py:133] - Removed file: .idea/.gitignore
2025-08-04 17:36:48,104 - INFO - [in /app/app.py:133] - Removed file: .gitignore
2025-08-04 17:36:48,105 - INFO - [in /app/app.py:133] - Removed file: README.md
2025-08-04 17:36:48,106 - INFO - [in /app/app.py:145] - Removed directory: .vscode
2025-08-04 17:36:48,107 - INFO - [in /app/app.py:145] - Removed directory: .idea
2025-08-04 17:36:48,108 - INFO - [in /app/app.py:155] - File cleanup process completed.
2025-08-04 17:36:48,108 - INFO - [in /app/app.py:372] - Validating manifest files.
2025-08-04 17:36:48,109 - INFO - [in /app/app.py:380] - Manifests validated.
2025-08-04 17:36:48,110 - INFO - [in /app/app.py:388] - Updating manifest for SCORM 1.2.
2025-08-04 17:36:48,111 - INFO - [in /app/app.py:391] - Manifest update complete.
2025-08-04 17:36:48,111 - INFO - [in /app/app.py:160] - Starting to edit adminsettings.xml files for SCORM 1.2.
2025-08-04 17:36:48,112 - INFO - [in /app/app.py:168] - Processing adminsettings.xml at: xmls/en/adminsettings.xml
2025-08-04 17:36:48,115 - INFO - [in /app/app.py:180] - Set <UseScorm> to 'true' in xmls/en/adminsettings.xml
2025-08-04 17:36:48,115 - INFO - [in /app/app.py:180] - Set <UseScormVersion12> to 'true' in xmls/en/adminsettings.xml
2025-08-04 17:36:48,116 - INFO - [in /app/app.py:180] - Set <UseScormVersion2004> to 'false' in xmls/en/adminsettings.xml
2025-08-04 17:36:48,116 - INFO - [in /app/app.py:180] - Set <URLOnExit> to '' in xmls/en/adminsettings.xml
2025-08-04 17:36:48,117 - INFO - [in /app/app.py:180] - Set <ReviewMode> to 'false' in xmls/en/adminsettings.xml
2025-08-04 17:36:48,117 - INFO - [in /app/app.py:180] - Set <HostedOniLMS> to 'false' in xmls/en/adminsettings.xml
2025-08-04 17:36:48,119 - INFO - [in /app/app.py:221] - Finished processing 1 adminsettings.xml file(s).
2025-08-04 17:36:48,120 - INFO - [in /app/app.py:400] - Re-zipping the package.
2025-08-04 17:36:48,631 - INFO - [in /app/app.py:405] - Successfully created processed file: Abusive_Conduct_-Ramon_Test_Org_20250502191753_processed_1.2.zip
2025-08-04 17:36:48,631 - INFO - [in /app/app.py:420] - --- Successfully finished processing job for: Abusive_Conduct_-Ramon_Test_Org_20250502191753.zip ---
2025-08-04 17:36:49,742 - INFO - [in /app/app.py:321] - --- Starting new processing job for: GDPR__Introduction_and_Overview-Waggener_Edstrom_20250620134231.zip ---
2025-08-04 17:36:49,743 - INFO - [in /app/app.py:322] - Parameters: SCORM Type='1.2', KnowBe4='False', Logo Provided='False', License Key Provided='False'
2025-08-04 17:36:49,744 - INFO - [in /app/app.py:334] - Unzipping GDPR__Introduction_and_Overview-Waggener_Edstrom_20250620134231.zip to processed/_temp_GDPR__Introduction_and_Overview-Waggener_Edstrom_20250620134231.zip
2025-08-04 17:36:50,230 - INFO - [in /app/app.py:338] - Unzipping complete.
2025-08-04 17:36:50,231 - INFO - [in /app/app.py:342] - Validating for imsmanifest.xml
2025-08-04 17:36:50,232 - INFO - [in /app/app.py:348] - Manifest found.
2025-08-04 17:36:50,233 - INFO - [in /app/app.py:353] - Detected engine type: iengine5
2025-08-04 17:36:50,233 - INFO - [in /app/app.py:121] - Starting file cleanup process.
2025-08-04 17:36:50,249 - INFO - [in /app/app.py:145] - Removed directory: __MACOSX
2025-08-04 17:36:50,250 - INFO - [in /app/app.py:155] - File cleanup process completed.
2025-08-04 17:36:50,251 - INFO - [in /app/app.py:372] - Validating manifest files.
2025-08-04 17:36:50,252 - ERROR - [in /app/app.py:377] - Manifest validation failed.
2025-08-04 17:36:50,252 - ERROR - [in /app/app.py:422] - --- Processing job for GDPR__Introduction_and_Overview-Waggener_Edstrom_20250620134231.zip failed: Package does not contain both 'imsmanifest.xml' and 'imsmanifest_SCORM2004.xml'. ---
Traceback (most recent call last):
  File "/app/app.py", line 412, in process_package_stream
    log_line = next(flow)
               ^^^^^^^^^^
  File "/app/app.py", line 378, in main_processing_flow
    raise ValueError("Package does not contain both 'imsmanifest.xml' and 'imsmanifest_SCORM2004.xml'.")
ValueError: Package does not contain both 'imsmanifest.xml' and 'imsmanifest_SCORM2004.xml'.
2025-08-06 14:59:52,133 - INFO - [in /app/logging_config.py:49] - Logging has been successfully configured.
2025-08-06 14:59:52,133 - INFO - [in /app/logging_config.py:49] - Logging has been successfully configured.
2025-08-06 14:59:52,133 - INFO - [in /app/logging_config.py:49] - Logging has been successfully configured.
2025-08-06 14:59:52,133 - INFO - [in /app/logging_config.py:49] - Logging has been successfully configured.
2025-08-06 14:59:52,133 - INFO - [in /app/logging_config.py:49] - Logging has been successfully configured.
2025-08-06 15:32:05,512 - INFO - [in /app/app.py:321] - --- Starting new processing job for: v.23.04.00.06_english_Apollo_Management_Holdings.zip ---
2025-08-06 15:32:05,515 - INFO - [in /app/app.py:322] - Parameters: SCORM Type='2004', KnowBe4='False', Logo Provided='True', License Key Provided='False'
2025-08-06 15:32:05,518 - INFO - [in /app/app.py:334] - Unzipping v.23.04.00.06_english_Apollo_Management_Holdings.zip to processed/_temp_v.23.04.00.06_english_Apollo_Management_Holdings.zip
2025-08-06 15:32:06,176 - INFO - [in /app/app.py:338] - Unzipping complete.
2025-08-06 15:32:06,178 - INFO - [in /app/app.py:342] - Validating for imsmanifest.xml
2025-08-06 15:32:06,180 - INFO - [in /app/app.py:348] - Manifest found.
2025-08-06 15:32:06,182 - INFO - [in /app/app.py:353] - Detected engine type: iengine6
2025-08-06 15:32:06,184 - INFO - [in /app/app.py:121] - Starting file cleanup process.
2025-08-06 15:32:06,188 - INFO - [in /app/app.py:133] - Removed file: .idea/.gitignore
2025-08-06 15:32:06,189 - INFO - [in /app/app.py:133] - Removed file: .gitignore
2025-08-06 15:32:06,190 - INFO - [in /app/app.py:133] - Removed file: README.md
2025-08-06 15:32:06,191 - INFO - [in /app/app.py:145] - Removed directory: .vscode
2025-08-06 15:32:06,192 - INFO - [in /app/app.py:145] - Removed directory: .idea
2025-08-06 15:32:06,193 - INFO - [in /app/app.py:155] - File cleanup process completed.
2025-08-06 15:32:06,194 - INFO - [in /app/app.py:226] - Starting branding process.
2025-08-06 15:32:06,226 - INFO - [in /app/app.py:231] - Resizing logo to 300x88px.
2025-08-06 15:32:06,236 - INFO - [in /app/app.py:248] - Saved logo to: xmls/apollologo.png
2025-08-06 15:32:06,237 - INFO - [in /app/app.py:252] - Branding process completed successfully.
2025-08-06 15:32:06,238 - INFO - [in /app/app.py:372] - Validating manifest files.
2025-08-06 15:32:06,240 - INFO - [in /app/app.py:380] - Manifests validated.
2025-08-06 15:32:06,241 - INFO - [in /app/app.py:384] - Updating manifest for SCORM 2004.
2025-08-06 15:32:06,242 - INFO - [in /app/app.py:391] - Manifest update complete.
2025-08-06 15:32:06,243 - INFO - [in /app/app.py:160] - Starting to edit adminsettings.xml files for SCORM 2004.
2025-08-06 15:32:06,246 - INFO - [in /app/app.py:168] - Processing adminsettings.xml at: xmls/en/adminsettings.xml
2025-08-06 15:32:06,252 - INFO - [in /app/app.py:180] - Set <UseScorm> to 'true' in xmls/en/adminsettings.xml
2025-08-06 15:32:06,253 - INFO - [in /app/app.py:180] - Set <UseScormVersion12> to 'false' in xmls/en/adminsettings.xml
2025-08-06 15:32:06,254 - INFO - [in /app/app.py:180] - Set <UseScormVersion2004> to 'true' in xmls/en/adminsettings.xml
2025-08-06 15:32:06,255 - INFO - [in /app/app.py:180] - Set <URLOnExit> to '' in xmls/en/adminsettings.xml
2025-08-06 15:32:06,255 - INFO - [in /app/app.py:180] - Set <ReviewMode> to 'false' in xmls/en/adminsettings.xml
2025-08-06 15:32:06,256 - INFO - [in /app/app.py:180] - Set <HostedOniLMS> to 'false' in xmls/en/adminsettings.xml
2025-08-06 15:32:06,256 - INFO - [in /app/app.py:190] - Set <TopLogo> to '../apollologo.png' in xmls/en/adminsettings.xml
2025-08-06 15:32:06,257 - INFO - [in /app/app.py:190] - Set <CustomerLogo> to '../apollologo.png' in xmls/en/adminsettings.xml
2025-08-06 15:32:06,261 - INFO - [in /app/app.py:221] - Finished processing 1 adminsettings.xml file(s).
2025-08-06 15:32:06,262 - INFO - [in /app/app.py:280] - Starting JS file edits for SCORM 2004.
2025-08-06 15:32:06,263 - INFO - [in /app/app.py:299] - Standard SCORM 2004 processing.
2025-08-06 15:32:06,264 - WARNING - [in /app/app.py:313] - scorm_2004.js not found, skipping edit.
2025-08-06 15:32:06,265 - INFO - [in /app/app.py:315] - JS file edits for SCORM 2004 completed.
2025-08-06 15:32:06,266 - INFO - [in /app/app.py:400] - Re-zipping the package.
2025-08-06 15:32:10,007 - INFO - [in /app/app.py:405] - Successfully created processed file: v.23.04.00.06_english_Apollo_Management_Holdings_processed_2004.zip
2025-08-06 15:32:10,040 - INFO - [in /app/app.py:420] - --- Successfully finished processing job for: v.23.04.00.06_english_Apollo_Management_Holdings.zip ---
2025-08-06 17:23:00,818 - INFO - [in /app/logging_config.py:49] - Logging has been successfully configured.
2025-08-06 17:23:00,818 - INFO - [in /app/logging_config.py:49] - Logging has been successfully configured.
2025-08-06 17:23:00,818 - INFO - [in /app/logging_config.py:49] - Logging has been successfully configured.
2025-08-06 17:23:00,818 - INFO - [in /app/logging_config.py:49] - Logging has been successfully configured.
2025-08-06 17:23:00,818 - INFO - [in /app/logging_config.py:49] - Logging has been successfully configured.
2025-08-06 17:23:42,537 - INFO - [in /app/app.py:453] - Received request to purge workspace.
2025-08-06 17:23:42,538 - INFO - [in /app/app.py:458] - Purging directory: uploads
2025-08-06 17:23:42,539 - INFO - [in /app/app.py:461] - Purging directory: processed
2025-08-06 17:23:42,539 - INFO - [in /app/app.py:464] - Workspace purged successfully.
2025-08-06 17:23:43,814 - INFO - [in /app/app.py:321] - --- Starting new processing job for: v.23.04.00.06_english_Apollo_Management_Holdings.zip ---
2025-08-06 17:23:43,815 - INFO - [in /app/app.py:322] - Parameters: SCORM Type='1.2', KnowBe4='False', Logo Provided='True', License Key Provided='False'
2025-08-06 17:23:43,818 - INFO - [in /app/app.py:334] - Unzipping v.23.04.00.06_english_Apollo_Management_Holdings.zip to processed/_temp_v.23.04.00.06_english_Apollo_Management_Holdings.zip
2025-08-06 17:23:44,391 - INFO - [in /app/app.py:338] - Unzipping complete.
2025-08-06 17:23:44,392 - INFO - [in /app/app.py:342] - Validating for imsmanifest.xml
2025-08-06 17:23:44,393 - INFO - [in /app/app.py:348] - Manifest found.
2025-08-06 17:23:44,394 - INFO - [in /app/app.py:353] - Detected engine type: iengine6
2025-08-06 17:23:44,395 - INFO - [in /app/app.py:121] - Starting file cleanup process.
2025-08-06 17:23:44,398 - INFO - [in /app/app.py:133] - Removed file: .idea/.gitignore
2025-08-06 17:23:44,399 - INFO - [in /app/app.py:133] - Removed file: .gitignore
2025-08-06 17:23:44,401 - INFO - [in /app/app.py:133] - Removed file: README.md
2025-08-06 17:23:44,402 - INFO - [in /app/app.py:145] - Removed directory: .vscode
2025-08-06 17:23:44,404 - INFO - [in /app/app.py:145] - Removed directory: .idea
2025-08-06 17:23:44,406 - INFO - [in /app/app.py:155] - File cleanup process completed.
2025-08-06 17:23:44,407 - INFO - [in /app/app.py:226] - Starting branding process.
2025-08-06 17:23:44,439 - INFO - [in /app/app.py:231] - Resizing logo to 300x88px.
2025-08-06 17:23:44,445 - INFO - [in /app/app.py:248] - Saved logo to: xmls/apollologo.png
2025-08-06 17:23:44,446 - INFO - [in /app/app.py:252] - Branding process completed successfully.
2025-08-06 17:23:44,447 - INFO - [in /app/app.py:372] - Validating manifest files.
2025-08-06 17:23:44,448 - INFO - [in /app/app.py:380] - Manifests validated.
2025-08-06 17:23:44,449 - INFO - [in /app/app.py:388] - Updating manifest for SCORM 1.2.
2025-08-06 17:23:44,451 - INFO - [in /app/app.py:391] - Manifest update complete.
2025-08-06 17:23:44,452 - INFO - [in /app/app.py:160] - Starting to edit adminsettings.xml files for SCORM 1.2.
2025-08-06 17:23:44,454 - INFO - [in /app/app.py:168] - Processing adminsettings.xml at: xmls/en/adminsettings.xml
2025-08-06 17:23:44,455 - INFO - [in /app/app.py:180] - Set <UseScorm> to 'true' in xmls/en/adminsettings.xml
2025-08-06 17:23:44,456 - INFO - [in /app/app.py:180] - Set <UseScormVersion12> to 'true' in xmls/en/adminsettings.xml
2025-08-06 17:23:44,457 - INFO - [in /app/app.py:180] - Set <UseScormVersion2004> to 'false' in xmls/en/adminsettings.xml
2025-08-06 17:23:44,457 - INFO - [in /app/app.py:180] - Set <URLOnExit> to '' in xmls/en/adminsettings.xml
2025-08-06 17:23:44,458 - INFO - [in /app/app.py:180] - Set <ReviewMode> to 'false' in xmls/en/adminsettings.xml
2025-08-06 17:23:44,459 - INFO - [in /app/app.py:180] - Set <HostedOniLMS> to 'false' in xmls/en/adminsettings.xml
2025-08-06 17:23:44,460 - INFO - [in /app/app.py:190] - Set <TopLogo> to '../apollologo.png' in xmls/en/adminsettings.xml
2025-08-06 17:23:44,462 - INFO - [in /app/app.py:190] - Set <CustomerLogo> to '../apollologo.png' in xmls/en/adminsettings.xml
2025-08-06 17:23:44,466 - INFO - [in /app/app.py:221] - Finished processing 1 adminsettings.xml file(s).
2025-08-06 17:23:44,467 - INFO - [in /app/app.py:400] - Re-zipping the package.
2025-08-06 17:23:46,576 - INFO - [in /app/app.py:405] - Successfully created processed file: v.23.04.00.06_english_Apollo_Management_Holdings_processed_1.2.zip
2025-08-06 17:23:46,577 - INFO - [in /app/app.py:420] - --- Successfully finished processing job for: v.23.04.00.06_english_Apollo_Management_Holdings.zip ---
2025-08-06 17:23:46,625 - INFO - [in /app/app.py:431] - Successfully purged original upload: v.23.04.00.06_english_Apollo_Management_Holdings.zip
2025-08-06 17:23:57,817 - INFO - [in /app/app.py:453] - Received request to purge workspace.
2025-08-06 17:23:57,818 - INFO - [in /app/app.py:458] - Purging directory: uploads
2025-08-06 17:23:57,819 - INFO - [in /app/app.py:461] - Purging directory: processed
2025-08-06 17:23:57,828 - INFO - [in /app/app.py:464] - Workspace purged successfully.
2025-08-06 17:23:59,795 - INFO - [in /app/app.py:321] - --- Starting new processing job for: Security_Awareness__A_Day_In_The_Life__20250617133305.zip ---
2025-08-06 17:23:59,796 - INFO - [in /app/app.py:322] - Parameters: SCORM Type='1.2', KnowBe4='False', Logo Provided='True', License Key Provided='False'
2025-08-06 17:23:59,800 - INFO - [in /app/app.py:334] - Unzipping Security_Awareness__A_Day_In_The_Life__20250617133305.zip to processed/_temp_Security_Awareness__A_Day_In_The_Life__20250617133305.zip
2025-08-06 17:24:00,447 - INFO - [in /app/app.py:338] - Unzipping complete.
2025-08-06 17:24:00,448 - INFO - [in /app/app.py:342] - Validating for imsmanifest.xml
2025-08-06 17:24:00,448 - INFO - [in /app/app.py:348] - Manifest found.
2025-08-06 17:24:00,449 - INFO - [in /app/app.py:353] - Detected engine type: iengine5
2025-08-06 17:24:00,450 - INFO - [in /app/app.py:121] - Starting file cleanup process.
2025-08-06 17:24:00,454 - INFO - [in /app/app.py:133] - Removed file: aicc.cst
2025-08-06 17:24:00,456 - INFO - [in /app/app.py:133] - Removed file: aicc.des
2025-08-06 17:24:00,456 - INFO - [in /app/app.py:133] - Removed file: README.md
2025-08-06 17:24:00,458 - INFO - [in /app/app.py:145] - Removed directory: .vscode
2025-08-06 17:24:00,459 - INFO - [in /app/app.py:155] - File cleanup process completed.
2025-08-06 17:24:00,459 - INFO - [in /app/app.py:226] - Starting branding process.
2025-08-06 17:24:00,465 - INFO - [in /app/app.py:231] - Resizing logo to 300x88px.
2025-08-06 17:24:00,471 - INFO - [in /app/app.py:248] - Saved logo to: skins/black-unique/skinimages/customer_logo.png
2025-08-06 17:24:00,472 - INFO - [in /app/app.py:252] - Branding process completed successfully.
2025-08-06 17:24:00,473 - INFO - [in /app/app.py:372] - Validating manifest files.
2025-08-06 17:24:00,474 - INFO - [in /app/app.py:380] - Manifests validated.
2025-08-06 17:24:00,474 - INFO - [in /app/app.py:388] - Updating manifest for SCORM 1.2.
2025-08-06 17:24:00,475 - INFO - [in /app/app.py:391] - Manifest update complete.
2025-08-06 17:24:00,476 - INFO - [in /app/app.py:160] - Starting to edit adminsettings.xml files for SCORM 1.2.
2025-08-06 17:24:00,479 - INFO - [in /app/app.py:168] - Processing adminsettings.xml at: xmls/en/adminsettings.xml
2025-08-06 17:24:00,480 - INFO - [in /app/app.py:180] - Set <UseScorm> to 'true' in xmls/en/adminsettings.xml
2025-08-06 17:24:00,481 - INFO - [in /app/app.py:180] - Set <UseScormVersion12> to 'true' in xmls/en/adminsettings.xml
2025-08-06 17:24:00,481 - INFO - [in /app/app.py:180] - Set <UseScormVersion2004> to 'false' in xmls/en/adminsettings.xml
2025-08-06 17:24:00,482 - INFO - [in /app/app.py:180] - Set <URLOnExit> to '' in xmls/en/adminsettings.xml
2025-08-06 17:24:00,482 - INFO - [in /app/app.py:180] - Set <ReviewMode> to 'false' in xmls/en/adminsettings.xml
2025-08-06 17:24:00,483 - INFO - [in /app/app.py:180] - Set <HostedOniLMS> to 'false' in xmls/en/adminsettings.xml
2025-08-06 17:24:00,484 - INFO - [in /app/app.py:221] - Finished processing 1 adminsettings.xml file(s).
2025-08-06 17:24:00,485 - INFO - [in /app/app.py:400] - Re-zipping the package.
2025-08-06 17:24:02,828 - INFO - [in /app/app.py:405] - Successfully created processed file: Security_Awareness__A_Day_In_The_Life__20250617133305_processed_1.2.zip
2025-08-06 17:24:02,829 - INFO - [in /app/app.py:420] - --- Successfully finished processing job for: Security_Awareness__A_Day_In_The_Life__20250617133305.zip ---
2025-08-06 17:24:02,876 - INFO - [in /app/app.py:431] - Successfully purged original upload: Security_Awareness__A_Day_In_The_Life__20250617133305.zip
2025-08-08 18:01:01,399 - INFO - [in /app/logging_config.py:49] - Logging has been successfully configured.
2025-08-08 18:01:01,399 - INFO - [in /app/logging_config.py:49] - Logging has been successfully configured.
2025-08-08 18:01:01,399 - INFO - [in /app/logging_config.py:49] - Logging has been successfully configured.
2025-08-08 18:01:01,399 - INFO - [in /app/logging_config.py:49] - Logging has been successfully configured.
2025-08-08 18:01:01,399 - INFO - [in /app/logging_config.py:49] - Logging has been successfully configured.
2025-08-08 18:05:13,103 - INFO - [in /app/logging_config.py:49] - Logging has been successfully configured.
2025-08-08 18:05:13,242 - INFO - [in /app/logging_config.py:49] - Logging has been successfully configured.
2025-08-08 18:05:13,294 - INFO - [in /app/logging_config.py:49] - Logging has been successfully configured.
2025-08-08 18:05:13,344 - INFO - [in /app/logging_config.py:49] - Logging has been successfully configured.
2025-08-08 18:05:13,380 - INFO - [in /app/logging_config.py:49] - Logging has been successfully configured.
2025-08-08 19:26:29,358 - INFO - [in /app/logging_config.py:49] - Logging has been successfully configured.
2025-08-08 19:26:29,358 - INFO - [in /app/logging_config.py:49] - Logging has been successfully configured.
2025-08-08 19:26:29,358 - INFO - [in /app/logging_config.py:49] - Logging has been successfully configured.
2025-08-08 19:26:29,358 - INFO - [in /app/logging_config.py:49] - Logging has been successfully configured.
2025-08-08 19:26:29,358 - INFO - [in /app/logging_config.py:49] - Logging has been successfully configured.
2025-09-17 06:17:29,937 - INFO - [in /app/logging_config.py:49] - Logging has been successfully configured.
2025-09-17 06:17:29,937 - INFO - [in /app/logging_config.py:49] - Logging has been successfully configured.
2025-09-17 06:17:29,937 - INFO - [in /app/logging_config.py:49] - Logging has been successfully configured.
2025-09-17 06:17:29,937 - INFO - [in /app/logging_config.py:49] - Logging has been successfully configured.
2025-09-17 06:17:29,937 - INFO - [in /app/logging_config.py:49] - Logging has been successfully configured.
2025-09-17 06:23:41,208 - INFO - [in /app/app.py:517] - Received request to purge workspace.
2025-09-17 06:23:41,208 - INFO - [in /app/app.py:522] - Purging directory: uploads
2025-09-17 06:23:41,209 - INFO - [in /app/app.py:525] - Purging directory: processed
2025-09-17 06:23:41,209 - INFO - [in /app/app.py:528] - Workspace purged successfully.
2025-09-17 06:23:41,450 - INFO - [in /app/app.py:381] - --- Starting new processing job for: Baseline_Information_Security_Training_for_IT_Prof_20250917061119.zip ---
2025-09-17 06:23:41,451 - INFO - [in /app/app.py:382] - Parameters: SCORM Type='2004', KnowBe4='False', Licensed='False', SCORM Enabled='True'
2025-09-17 06:23:41,452 - INFO - [in /app/app.py:394] - Unzipping Baseline_Information_Security_Training_for_IT_Prof_20250917061119.zip to processed/_temp_Baseline_Information_Security_Training_for_IT_Prof_20250917061119.zip
2025-09-17 06:23:41,536 - INFO - [in /app/app.py:398] - Unzipping complete.
2025-09-17 06:23:41,537 - INFO - [in /app/app.py:401] - Validating for imsmanifest.xml
2025-09-17 06:23:41,538 - INFO - [in /app/app.py:407] - Manifest found.
2025-09-17 06:23:41,539 - INFO - [in /app/app.py:412] - Detected engine type: iengine5
2025-09-17 06:23:41,539 - INFO - [in /app/app.py:171] - Starting file cleanup process.
2025-09-17 06:23:41,541 - INFO - [in /app/app.py:183] - Removed file: .gitignore
2025-09-17 06:23:41,544 - INFO - [in /app/app.py:183] - Removed file: README.md
2025-09-17 06:23:41,546 - INFO - [in /app/app.py:205] - File cleanup process completed.
2025-09-17 06:23:41,547 - INFO - [in /app/app.py:138] - Setting iengine5 licensing DialogIsVisible to False.
2025-09-17 06:23:41,548 - INFO - [in /app/app.py:434] - SCORM is enabled, validating manifest files.
2025-09-17 06:23:41,548 - INFO - [in /app/app.py:442] - Manifests validated.
2025-09-17 06:23:41,549 - INFO - [in /app/app.py:446] - Updating manifest for SCORM 2004.
2025-09-17 06:23:41,550 - INFO - [in /app/app.py:453] - Manifest update complete.
2025-09-17 06:23:41,550 - INFO - [in /app/app.py:210] - Editing adminsettings.xml: SCORM Enabled=True, Licensed=False.
2025-09-17 06:23:41,552 - INFO - [in /app/app.py:218] - Processing adminsettings.xml at: xmls/en/adminsettings.xml
2025-09-17 06:23:41,553 - INFO - [in /app/app.py:237] - Set <UseScorm> to 'true' in xmls/en/adminsettings.xml
2025-09-17 06:23:41,553 - INFO - [in /app/app.py:237] - Set <UseScormVersion12> to 'false' in xmls/en/adminsettings.xml
2025-09-17 06:23:41,554 - INFO - [in /app/app.py:237] - Set <UseScormVersion2004> to 'true' in xmls/en/adminsettings.xml
2025-09-17 06:23:41,554 - INFO - [in /app/app.py:237] - Set <URLOnExit> to '' in xmls/en/adminsettings.xml
2025-09-17 06:23:41,554 - INFO - [in /app/app.py:237] - Set <ReviewMode> to 'false' in xmls/en/adminsettings.xml
2025-09-17 06:23:41,555 - INFO - [in /app/app.py:237] - Set <HostedOniLMS> to 'false' in xmls/en/adminsettings.xml
2025-09-17 06:23:41,556 - INFO - [in /app/app.py:281] - Finished processing 1 adminsettings.xml file(s).
2025-09-17 06:23:41,556 - INFO - [in /app/app.py:340] - Starting JS file edits for SCORM 2004.
2025-09-17 06:23:41,557 - INFO - [in /app/app.py:359] - Standard SCORM 2004 processing.
2025-09-17 06:23:41,557 - INFO - [in /app/app.py:367] - Successfully replaced LMSCommit() in scorm_2004.js.
2025-09-17 06:23:41,558 - INFO - [in /app/app.py:375] - JS file edits for SCORM 2004 completed.
2025-09-17 06:23:41,558 - INFO - [in /app/app.py:465] - Re-zipping the package.
2025-09-17 06:23:41,843 - INFO - [in /app/app.py:470] - Successfully created processed file: Baseline_Information_Security_Training_for_IT_Prof_20250917061119_processed_2004.zip
2025-09-17 06:23:41,845 - INFO - [in /app/app.py:485] - --- Successfully finished processing job for: Baseline_Information_Security_Training_for_IT_Prof_20250917061119.zip ---
2025-09-17 06:23:41,856 - INFO - [in /app/app.py:495] - Successfully purged original upload: Baseline_Information_Security_Training_for_IT_Prof_20250917061119.zip
2025-09-17 06:23:42,121 - INFO - [in /app/app.py:381] - --- Starting new processing job for: California_Consumer_Privacy_Act_CCPA_Essentials-_20250917061158.zip ---
2025-09-17 06:23:42,122 - INFO - [in /app/app.py:382] - Parameters: SCORM Type='2004', KnowBe4='False', Licensed='False', SCORM Enabled='True'
2025-09-17 06:23:42,124 - INFO - [in /app/app.py:394] - Unzipping California_Consumer_Privacy_Act_CCPA_Essentials-_20250917061158.zip to processed/_temp_California_Consumer_Privacy_Act_CCPA_Essentials-_20250917061158.zip
2025-09-17 06:23:42,206 - INFO - [in /app/app.py:398] - Unzipping complete.
2025-09-17 06:23:42,207 - INFO - [in /app/app.py:401] - Validating for imsmanifest.xml
2025-09-17 06:23:42,207 - INFO - [in /app/app.py:407] - Manifest found.
2025-09-17 06:23:42,208 - INFO - [in /app/app.py:412] - Detected engine type: iengine6
2025-09-17 06:23:42,208 - INFO - [in /app/app.py:171] - Starting file cleanup process.
2025-09-17 06:23:42,209 - INFO - [in /app/app.py:183] - Removed file: README.md
2025-09-17 06:23:42,210 - INFO - [in /app/app.py:205] - File cleanup process completed.
2025-09-17 06:23:42,211 - INFO - [in /app/app.py:434] - SCORM is enabled, validating manifest files.
2025-09-17 06:23:42,212 - INFO - [in /app/app.py:442] - Manifests validated.
2025-09-17 06:23:42,212 - INFO - [in /app/app.py:446] - Updating manifest for SCORM 2004.
2025-09-17 06:23:42,213 - INFO - [in /app/app.py:453] - Manifest update complete.
2025-09-17 06:23:42,213 - INFO - [in /app/app.py:210] - Editing adminsettings.xml: SCORM Enabled=True, Licensed=False.
2025-09-17 06:23:42,214 - INFO - [in /app/app.py:218] - Processing adminsettings.xml at: xmls/en/adminsettings.xml
2025-09-17 06:23:42,215 - INFO - [in /app/app.py:237] - Set <UseScorm> to 'true' in xmls/en/adminsettings.xml
2025-09-17 06:23:42,216 - INFO - [in /app/app.py:237] - Set <UseScormVersion12> to 'false' in xmls/en/adminsettings.xml
2025-09-17 06:23:42,216 - INFO - [in /app/app.py:237] - Set <UseScormVersion2004> to 'true' in xmls/en/adminsettings.xml
2025-09-17 06:23:42,217 - INFO - [in /app/app.py:237] - Set <URLOnExit> to '' in xmls/en/adminsettings.xml
2025-09-17 06:23:42,217 - INFO - [in /app/app.py:237] - Set <ReviewMode> to 'false' in xmls/en/adminsettings.xml
2025-09-17 06:23:42,218 - INFO - [in /app/app.py:237] - Set <HostedOniLMS> to 'false' in xmls/en/adminsettings.xml
2025-09-17 06:23:42,218 - INFO - [in /app/app.py:258] - Set <EnableCheck> to 'false' in xmls/en/adminsettings.xml
2025-09-17 06:23:42,219 - INFO - [in /app/app.py:281] - Finished processing 1 adminsettings.xml file(s).
2025-09-17 06:23:42,220 - INFO - [in /app/app.py:340] - Starting JS file edits for SCORM 2004.
2025-09-17 06:23:42,220 - INFO - [in /app/app.py:359] - Standard SCORM 2004 processing.
2025-09-17 06:23:42,221 - WARNING - [in /app/app.py:373] - scorm_2004.js not found, skipping edit.
2025-09-17 06:23:42,221 - INFO - [in /app/app.py:375] - JS file edits for SCORM 2004 completed.
2025-09-17 06:23:42,222 - INFO - [in /app/app.py:465] - Re-zipping the package.
2025-09-17 06:23:42,647 - INFO - [in /app/app.py:470] - Successfully created processed file: California_Consumer_Privacy_Act_CCPA_Essentials-_20250917061158_processed_2004.zip
2025-09-17 06:23:42,648 - INFO - [in /app/app.py:485] - --- Successfully finished processing job for: California_Consumer_Privacy_Act_CCPA_Essentials-_20250917061158.zip ---
2025-09-17 06:23:42,653 - INFO - [in /app/app.py:495] - Successfully purged original upload: California_Consumer_Privacy_Act_CCPA_Essentials-_20250917061158.zip
2025-09-17 06:23:43,094 - INFO - [in /app/app.py:381] - --- Starting new processing job for: GDPR__Introduction_and_Overview-Advarra_20250917061110.zip ---
2025-09-17 06:23:43,095 - INFO - [in /app/app.py:382] - Parameters: SCORM Type='2004', KnowBe4='False', Licensed='False', SCORM Enabled='True'
2025-09-17 06:23:43,096 - INFO - [in /app/app.py:394] - Unzipping GDPR__Introduction_and_Overview-Advarra_20250917061110.zip to processed/_temp_GDPR__Introduction_and_Overview-Advarra_20250917061110.zip
2025-09-17 06:23:43,253 - INFO - [in /app/app.py:398] - Unzipping complete.
2025-09-17 06:23:43,255 - INFO - [in /app/app.py:401] - Validating for imsmanifest.xml
2025-09-17 06:23:43,255 - INFO - [in /app/app.py:407] - Manifest found.
2025-09-17 06:23:43,256 - INFO - [in /app/app.py:412] - Detected engine type: iengine5
2025-09-17 06:23:43,256 - INFO - [in /app/app.py:171] - Starting file cleanup process.
2025-09-17 06:23:43,258 - INFO - [in /app/app.py:183] - Removed file: aicc.cst
2025-09-17 06:23:43,258 - INFO - [in /app/app.py:183] - Removed file: aicc.crs
2025-09-17 06:23:43,259 - INFO - [in /app/app.py:183] - Removed file: aicc.des
2025-09-17 06:23:43,259 - INFO - [in /app/app.py:183] - Removed file: README.md
2025-09-17 06:23:43,260 - INFO - [in /app/app.py:205] - File cleanup process completed.
2025-09-17 06:23:43,260 - INFO - [in /app/app.py:138] - Setting iengine5 licensing DialogIsVisible to False.
2025-09-17 06:23:43,261 - INFO - [in /app/app.py:434] - SCORM is enabled, validating manifest files.
2025-09-17 06:23:43,262 - INFO - [in /app/app.py:442] - Manifests validated.
2025-09-17 06:23:43,262 - INFO - [in /app/app.py:446] - Updating manifest for SCORM 2004.
2025-09-17 06:23:43,263 - INFO - [in /app/app.py:453] - Manifest update complete.
2025-09-17 06:23:43,263 - INFO - [in /app/app.py:210] - Editing adminsettings.xml: SCORM Enabled=True, Licensed=False.
2025-09-17 06:23:43,265 - INFO - [in /app/app.py:218] - Processing adminsettings.xml at: xmls/en/adminsettings.xml
2025-09-17 06:23:43,266 - INFO - [in /app/app.py:237] - Set <UseScorm> to 'true' in xmls/en/adminsettings.xml
2025-09-17 06:23:43,266 - INFO - [in /app/app.py:237] - Set <UseScormVersion12> to 'false' in xmls/en/adminsettings.xml
2025-09-17 06:23:43,266 - INFO - [in /app/app.py:237] - Set <UseScormVersion2004> to 'true' in xmls/en/adminsettings.xml
2025-09-17 06:23:43,267 - INFO - [in /app/app.py:237] - Set <URLOnExit> to '' in xmls/en/adminsettings.xml
2025-09-17 06:23:43,267 - INFO - [in /app/app.py:237] - Set <ReviewMode> to 'false' in xmls/en/adminsettings.xml
2025-09-17 06:23:43,267 - INFO - [in /app/app.py:237] - Set <HostedOniLMS> to 'false' in xmls/en/adminsettings.xml
2025-09-17 06:23:43,268 - INFO - [in /app/app.py:281] - Finished processing 1 adminsettings.xml file(s).
2025-09-17 06:23:43,269 - INFO - [in /app/app.py:340] - Starting JS file edits for SCORM 2004.
2025-09-17 06:23:43,269 - INFO - [in /app/app.py:359] - Standard SCORM 2004 processing.
2025-09-17 06:23:43,270 - INFO - [in /app/app.py:367] - Successfully replaced LMSCommit() in scorm_2004.js.
2025-09-17 06:23:43,271 - INFO - [in /app/app.py:375] - JS file edits for SCORM 2004 completed.
2025-09-17 06:23:43,271 - INFO - [in /app/app.py:465] - Re-zipping the package.
2025-09-17 06:23:43,918 - INFO - [in /app/app.py:470] - Successfully created processed file: GDPR__Introduction_and_Overview-Advarra_20250917061110_processed_2004.zip
2025-09-17 06:23:43,919 - INFO - [in /app/app.py:485] - --- Successfully finished processing job for: GDPR__Introduction_and_Overview-Advarra_20250917061110.zip ---
2025-09-17 06:23:43,936 - INFO - [in /app/app.py:495] - Successfully purged original upload: GDPR__Introduction_and_Overview-Advarra_20250917061110.zip
2025-09-17 06:23:44,157 - INFO - [in /app/app.py:381] - --- Starting new processing job for: GDPR__Transfers_of_Data_Outside_the_EU-Advarra_20250917061051.zip ---
2025-09-17 06:23:44,157 - INFO - [in /app/app.py:382] - Parameters: SCORM Type='2004', KnowBe4='False', Licensed='False', SCORM Enabled='True'
2025-09-17 06:23:44,158 - INFO - [in /app/app.py:394] - Unzipping GDPR__Transfers_of_Data_Outside_the_EU-Advarra_20250917061051.zip to processed/_temp_GDPR__Transfers_of_Data_Outside_the_EU-Advarra_20250917061051.zip
2025-09-17 06:23:44,237 - INFO - [in /app/app.py:398] - Unzipping complete.
2025-09-17 06:23:44,238 - INFO - [in /app/app.py:401] - Validating for imsmanifest.xml
2025-09-17 06:23:44,238 - INFO - [in /app/app.py:407] - Manifest found.
2025-09-17 06:23:44,238 - INFO - [in /app/app.py:412] - Detected engine type: iengine5
2025-09-17 06:23:44,239 - INFO - [in /app/app.py:171] - Starting file cleanup process.
2025-09-17 06:23:44,240 - INFO - [in /app/app.py:183] - Removed file: README.md
2025-09-17 06:23:44,241 - INFO - [in /app/app.py:205] - File cleanup process completed.
2025-09-17 06:23:44,242 - INFO - [in /app/app.py:138] - Setting iengine5 licensing DialogIsVisible to False.
2025-09-17 06:23:44,242 - INFO - [in /app/app.py:434] - SCORM is enabled, validating manifest files.
2025-09-17 06:23:44,243 - INFO - [in /app/app.py:442] - Manifests validated.
2025-09-17 06:23:44,243 - INFO - [in /app/app.py:446] - Updating manifest for SCORM 2004.
2025-09-17 06:23:44,244 - INFO - [in /app/app.py:453] - Manifest update complete.
2025-09-17 06:23:44,245 - INFO - [in /app/app.py:210] - Editing adminsettings.xml: SCORM Enabled=True, Licensed=False.
2025-09-17 06:23:44,246 - INFO - [in /app/app.py:218] - Processing adminsettings.xml at: xmls/en/adminsettings.xml
2025-09-17 06:23:44,247 - INFO - [in /app/app.py:237] - Set <UseScorm> to 'true' in xmls/en/adminsettings.xml
2025-09-17 06:23:44,247 - INFO - [in /app/app.py:237] - Set <UseScormVersion12> to 'false' in xmls/en/adminsettings.xml
2025-09-17 06:23:44,248 - INFO - [in /app/app.py:237] - Set <UseScormVersion2004> to 'true' in xmls/en/adminsettings.xml
2025-09-17 06:23:44,248 - INFO - [in /app/app.py:237] - Set <URLOnExit> to '' in xmls/en/adminsettings.xml
2025-09-17 06:23:44,248 - INFO - [in /app/app.py:237] - Set <ReviewMode> to 'false' in xmls/en/adminsettings.xml
2025-09-17 06:23:44,249 - INFO - [in /app/app.py:237] - Set <HostedOniLMS> to 'false' in xmls/en/adminsettings.xml
2025-09-17 06:23:44,250 - INFO - [in /app/app.py:281] - Finished processing 1 adminsettings.xml file(s).
2025-09-17 06:23:44,251 - INFO - [in /app/app.py:340] - Starting JS file edits for SCORM 2004.
2025-09-17 06:23:44,252 - INFO - [in /app/app.py:359] - Standard SCORM 2004 processing.
2025-09-17 06:23:44,252 - INFO - [in /app/app.py:367] - Successfully replaced LMSCommit() in scorm_2004.js.
2025-09-17 06:23:44,253 - INFO - [in /app/app.py:375] - JS file edits for SCORM 2004 completed.
2025-09-17 06:23:44,254 - INFO - [in /app/app.py:465] - Re-zipping the package.
2025-09-17 06:23:44,530 - INFO - [in /app/app.py:470] - Successfully created processed file: GDPR__Transfers_of_Data_Outside_the_EU-Advarra_20250917061051_processed_2004.zip
2025-09-17 06:23:44,530 - INFO - [in /app/app.py:485] - --- Successfully finished processing job for: GDPR__Transfers_of_Data_Outside_the_EU-Advarra_20250917061051.zip ---
2025-09-17 06:23:44,539 - INFO - [in /app/app.py:495] - Successfully purged original upload: GDPR__Transfers_of_Data_Outside_the_EU-Advarra_20250917061051.zip
2025-09-17 06:23:45,004 - INFO - [in /app/app.py:381] - --- Starting new processing job for: GDPR_for_Data_Handlers-Advarra_20250917061038.zip ---
2025-09-17 06:23:45,005 - INFO - [in /app/app.py:382] - Parameters: SCORM Type='2004', KnowBe4='False', Licensed='False', SCORM Enabled='True'
2025-09-17 06:23:45,006 - INFO - [in /app/app.py:394] - Unzipping GDPR_for_Data_Handlers-Advarra_20250917061038.zip to processed/_temp_GDPR_for_Data_Handlers-Advarra_20250917061038.zip
2025-09-17 06:23:45,170 - INFO - [in /app/app.py:398] - Unzipping complete.
2025-09-17 06:23:45,171 - INFO - [in /app/app.py:401] - Validating for imsmanifest.xml
2025-09-17 06:23:45,171 - INFO - [in /app/app.py:407] - Manifest found.
2025-09-17 06:23:45,172 - INFO - [in /app/app.py:412] - Detected engine type: iengine5
2025-09-17 06:23:45,172 - INFO - [in /app/app.py:171] - Starting file cleanup process.
2025-09-17 06:23:45,174 - INFO - [in /app/app.py:183] - Removed file: aicc.cst
2025-09-17 06:23:45,175 - INFO - [in /app/app.py:183] - Removed file: aicc.des
2025-09-17 06:23:45,176 - INFO - [in /app/app.py:183] - Removed file: README.md
2025-09-17 06:23:45,177 - INFO - [in /app/app.py:205] - File cleanup process completed.
2025-09-17 06:23:45,177 - INFO - [in /app/app.py:138] - Setting iengine5 licensing DialogIsVisible to False.
2025-09-17 06:23:45,178 - INFO - [in /app/app.py:434] - SCORM is enabled, validating manifest files.
2025-09-17 06:23:45,179 - INFO - [in /app/app.py:442] - Manifests validated.
2025-09-17 06:23:45,179 - INFO - [in /app/app.py:446] - Updating manifest for SCORM 2004.
2025-09-17 06:23:45,180 - INFO - [in /app/app.py:453] - Manifest update complete.
2025-09-17 06:23:45,180 - INFO - [in /app/app.py:210] - Editing adminsettings.xml: SCORM Enabled=True, Licensed=False.
2025-09-17 06:23:45,182 - INFO - [in /app/app.py:218] - Processing adminsettings.xml at: xmls/en/adminsettings.xml
2025-09-17 06:23:45,183 - INFO - [in /app/app.py:237] - Set <UseScorm> to 'true' in xmls/en/adminsettings.xml
2025-09-17 06:23:45,183 - INFO - [in /app/app.py:237] - Set <UseScormVersion12> to 'false' in xmls/en/adminsettings.xml
2025-09-17 06:23:45,183 - INFO - [in /app/app.py:237] - Set <UseScormVersion2004> to 'true' in xmls/en/adminsettings.xml
2025-09-17 06:23:45,184 - INFO - [in /app/app.py:237] - Set <URLOnExit> to '' in xmls/en/adminsettings.xml
2025-09-17 06:23:45,184 - INFO - [in /app/app.py:237] - Set <ReviewMode> to 'false' in xmls/en/adminsettings.xml
2025-09-17 06:23:45,184 - INFO - [in /app/app.py:237] - Set <HostedOniLMS> to 'false' in xmls/en/adminsettings.xml
2025-09-17 06:23:45,185 - INFO - [in /app/app.py:281] - Finished processing 1 adminsettings.xml file(s).
2025-09-17 06:23:45,186 - INFO - [in /app/app.py:340] - Starting JS file edits for SCORM 2004.
2025-09-17 06:23:45,187 - INFO - [in /app/app.py:359] - Standard SCORM 2004 processing.
2025-09-17 06:23:45,187 - INFO - [in /app/app.py:367] - Successfully replaced LMSCommit() in scorm_2004.js.
2025-09-17 06:23:45,188 - INFO - [in /app/app.py:375] - JS file edits for SCORM 2004 completed.
2025-09-17 06:23:45,188 - INFO - [in /app/app.py:465] - Re-zipping the package.
2025-09-17 06:23:45,868 - INFO - [in /app/app.py:470] - Successfully created processed file: GDPR_for_Data_Handlers-Advarra_20250917061038_processed_2004.zip
2025-09-17 06:23:45,869 - INFO - [in /app/app.py:485] - --- Successfully finished processing job for: GDPR_for_Data_Handlers-Advarra_20250917061038.zip ---
2025-09-17 06:23:45,897 - INFO - [in /app/app.py:495] - Successfully purged original upload: GDPR_for_Data_Handlers-Advarra_20250917061038.zip
2025-09-17 06:23:47,423 - INFO - [in /app/app.py:381] - --- Starting new processing job for: HIPAA_HITECH_Privacy_for_Business_Associates-Advar_20250917061152.zip ---
2025-09-17 06:23:47,424 - INFO - [in /app/app.py:382] - Parameters: SCORM Type='2004', KnowBe4='False', Licensed='False', SCORM Enabled='True'
2025-09-17 06:23:47,426 - INFO - [in /app/app.py:394] - Unzipping HIPAA_HITECH_Privacy_for_Business_Associates-Advar_20250917061152.zip to processed/_temp_HIPAA_HITECH_Privacy_for_Business_Associates-Advar_20250917061152.zip
2025-09-17 06:23:47,958 - INFO - [in /app/app.py:398] - Unzipping complete.
2025-09-17 06:23:47,959 - INFO - [in /app/app.py:401] - Validating for imsmanifest.xml
2025-09-17 06:23:47,960 - INFO - [in /app/app.py:407] - Manifest found.
2025-09-17 06:23:47,960 - INFO - [in /app/app.py:412] - Detected engine type: iengine5
2025-09-17 06:23:47,961 - INFO - [in /app/app.py:171] - Starting file cleanup process.
2025-09-17 06:23:47,965 - INFO - [in /app/app.py:203] - No unnecessary files found to clean.
2025-09-17 06:23:47,966 - INFO - [in /app/app.py:205] - File cleanup process completed.
2025-09-17 06:23:47,968 - INFO - [in /app/app.py:138] - Setting iengine5 licensing DialogIsVisible to False.
2025-09-17 06:23:47,969 - INFO - [in /app/app.py:434] - SCORM is enabled, validating manifest files.
2025-09-17 06:23:47,969 - INFO - [in /app/app.py:442] - Manifests validated.
2025-09-17 06:23:47,970 - INFO - [in /app/app.py:446] - Updating manifest for SCORM 2004.
2025-09-17 06:23:47,971 - INFO - [in /app/app.py:453] - Manifest update complete.
2025-09-17 06:23:47,972 - INFO - [in /app/app.py:210] - Editing adminsettings.xml: SCORM Enabled=True, Licensed=False.
2025-09-17 06:23:47,974 - INFO - [in /app/app.py:218] - Processing adminsettings.xml at: xmls/en/adminsettings.xml
2025-09-17 06:23:47,976 - INFO - [in /app/app.py:237] - Set <UseScorm> to 'true' in xmls/en/adminsettings.xml
2025-09-17 06:23:47,977 - INFO - [in /app/app.py:237] - Set <UseScormVersion12> to 'false' in xmls/en/adminsettings.xml
2025-09-17 06:23:47,977 - INFO - [in /app/app.py:237] - Set <UseScormVersion2004> to 'true' in xmls/en/adminsettings.xml
2025-09-17 06:23:47,978 - INFO - [in /app/app.py:237] - Set <URLOnExit> to '' in xmls/en/adminsettings.xml
2025-09-17 06:23:47,978 - INFO - [in /app/app.py:237] - Set <ReviewMode> to 'false' in xmls/en/adminsettings.xml
2025-09-17 06:23:47,979 - INFO - [in /app/app.py:237] - Set <HostedOniLMS> to 'false' in xmls/en/adminsettings.xml
2025-09-17 06:23:47,983 - INFO - [in /app/app.py:281] - Finished processing 1 adminsettings.xml file(s).
2025-09-17 06:23:47,984 - INFO - [in /app/app.py:340] - Starting JS file edits for SCORM 2004.
2025-09-17 06:23:47,989 - INFO - [in /app/app.py:359] - Standard SCORM 2004 processing.
2025-09-17 06:23:47,991 - INFO - [in /app/app.py:367] - Successfully replaced LMSCommit() in scorm_2004.js.
2025-09-17 06:23:47,992 - INFO - [in /app/app.py:375] - JS file edits for SCORM 2004 completed.
2025-09-17 06:23:47,993 - INFO - [in /app/app.py:465] - Re-zipping the package.
2025-09-17 06:23:51,418 - INFO - [in /app/app.py:470] - Successfully created processed file: HIPAA_HITECH_Privacy_for_Business_Associates-Advar_20250917061152_processed_2004.zip
2025-09-17 06:23:51,419 - INFO - [in /app/app.py:485] - --- Successfully finished processing job for: HIPAA_HITECH_Privacy_for_Business_Associates-Advar_20250917061152.zip ---
2025-09-17 06:23:51,461 - INFO - [in /app/app.py:495] - Successfully purged original upload: HIPAA_HITECH_Privacy_for_Business_Associates-Advar_20250917061152.zip
2025-09-17 06:23:51,867 - INFO - [in /app/app.py:381] - --- Starting new processing job for: HIPAA_HITECH_Privacy_for_Covered_Entities-Advarra_20250917061139.zip ---
2025-09-17 06:23:51,868 - INFO - [in /app/app.py:382] - Parameters: SCORM Type='2004', KnowBe4='False', Licensed='False', SCORM Enabled='True'
2025-09-17 06:23:51,869 - INFO - [in /app/app.py:394] - Unzipping HIPAA_HITECH_Privacy_for_Covered_Entities-Advarra_20250917061139.zip to processed/_temp_HIPAA_HITECH_Privacy_for_Covered_Entities-Advarra_20250917061139.zip
2025-09-17 06:23:52,088 - INFO - [in /app/app.py:398] - Unzipping complete.
2025-09-17 06:23:52,090 - INFO - [in /app/app.py:401] - Validating for imsmanifest.xml
2025-09-17 06:23:52,090 - INFO - [in /app/app.py:407] - Manifest found.
2025-09-17 06:23:52,091 - INFO - [in /app/app.py:412] - Detected engine type: iengine5
2025-09-17 06:23:52,092 - INFO - [in /app/app.py:171] - Starting file cleanup process.
2025-09-17 06:23:52,094 - INFO - [in /app/app.py:203] - No unnecessary files found to clean.
2025-09-17 06:23:52,095 - INFO - [in /app/app.py:205] - File cleanup process completed.
2025-09-17 06:23:52,095 - INFO - [in /app/app.py:138] - Setting iengine5 licensing DialogIsVisible to False.
2025-09-17 06:23:52,096 - INFO - [in /app/app.py:434] - SCORM is enabled, validating manifest files.
2025-09-17 06:23:52,096 - INFO - [in /app/app.py:442] - Manifests validated.
2025-09-17 06:23:52,097 - INFO - [in /app/app.py:446] - Updating manifest for SCORM 2004.
2025-09-17 06:23:52,097 - INFO - [in /app/app.py:453] - Manifest update complete.
2025-09-17 06:23:52,098 - INFO - [in /app/app.py:210] - Editing adminsettings.xml: SCORM Enabled=True, Licensed=False.
2025-09-17 06:23:52,099 - INFO - [in /app/app.py:218] - Processing adminsettings.xml at: xmls/en/adminsettings.xml
2025-09-17 06:23:52,100 - INFO - [in /app/app.py:237] - Set <UseScorm> to 'true' in xmls/en/adminsettings.xml
2025-09-17 06:23:52,101 - INFO - [in /app/app.py:237] - Set <UseScormVersion12> to 'false' in xmls/en/adminsettings.xml
2025-09-17 06:23:52,101 - INFO - [in /app/app.py:237] - Set <UseScormVersion2004> to 'true' in xmls/en/adminsettings.xml
2025-09-17 06:23:52,102 - INFO - [in /app/app.py:237] - Set <URLOnExit> to '' in xmls/en/adminsettings.xml
2025-09-17 06:23:52,102 - INFO - [in /app/app.py:237] - Set <ReviewMode> to 'false' in xmls/en/adminsettings.xml
2025-09-17 06:23:52,103 - INFO - [in /app/app.py:237] - Set <HostedOniLMS> to 'false' in xmls/en/adminsettings.xml
2025-09-17 06:23:52,105 - INFO - [in /app/app.py:281] - Finished processing 1 adminsettings.xml file(s).
2025-09-17 06:23:52,106 - INFO - [in /app/app.py:340] - Starting JS file edits for SCORM 2004.
2025-09-17 06:23:52,107 - INFO - [in /app/app.py:359] - Standard SCORM 2004 processing.
2025-09-17 06:23:52,108 - INFO - [in /app/app.py:367] - Successfully replaced LMSCommit() in scorm_2004.js.
2025-09-17 06:23:52,108 - INFO - [in /app/app.py:375] - JS file edits for SCORM 2004 completed.
2025-09-17 06:23:52,109 - INFO - [in /app/app.py:465] - Re-zipping the package.
2025-09-17 06:23:53,124 - INFO - [in /app/app.py:470] - Successfully created processed file: HIPAA_HITECH_Privacy_for_Covered_Entities-Advarra_20250917061139_processed_2004.zip
2025-09-17 06:23:53,125 - INFO - [in /app/app.py:485] - --- Successfully finished processing job for: HIPAA_HITECH_Privacy_for_Covered_Entities-Advarra_20250917061139.zip ---
2025-09-17 06:23:53,145 - INFO - [in /app/app.py:495] - Successfully purged original upload: HIPAA_HITECH_Privacy_for_Covered_Entities-Advarra_20250917061139.zip
2025-09-17 06:23:53,603 - INFO - [in /app/app.py:381] - --- Starting new processing job for: How_to_Comply_With_the_GDPR_in_the_US-Advarra_20250917061032.zip ---
2025-09-17 06:23:53,604 - INFO - [in /app/app.py:382] - Parameters: SCORM Type='2004', KnowBe4='False', Licensed='False', SCORM Enabled='True'
2025-09-17 06:23:53,606 - INFO - [in /app/app.py:394] - Unzipping How_to_Comply_With_the_GDPR_in_the_US-Advarra_20250917061032.zip to processed/_temp_How_to_Comply_With_the_GDPR_in_the_US-Advarra_20250917061032.zip
2025-09-17 06:23:53,786 - INFO - [in /app/app.py:398] - Unzipping complete.
2025-09-17 06:23:53,788 - INFO - [in /app/app.py:401] - Validating for imsmanifest.xml
2025-09-17 06:23:53,790 - INFO - [in /app/app.py:407] - Manifest found.
2025-09-17 06:23:53,790 - INFO - [in /app/app.py:412] - Detected engine type: iengine5
2025-09-17 06:23:53,791 - INFO - [in /app/app.py:171] - Starting file cleanup process.
2025-09-17 06:23:53,793 - INFO - [in /app/app.py:183] - Removed file: aicc.cst
2025-09-17 06:23:53,793 - INFO - [in /app/app.py:183] - Removed file: aicc.des
2025-09-17 06:23:53,794 - INFO - [in /app/app.py:183] - Removed file: README.md
2025-09-17 06:23:53,795 - INFO - [in /app/app.py:205] - File cleanup process completed.
2025-09-17 06:23:53,795 - INFO - [in /app/app.py:138] - Setting iengine5 licensing DialogIsVisible to False.
2025-09-17 06:23:53,796 - INFO - [in /app/app.py:434] - SCORM is enabled, validating manifest files.
2025-09-17 06:23:53,796 - INFO - [in /app/app.py:442] - Manifests validated.
2025-09-17 06:23:53,797 - INFO - [in /app/app.py:446] - Updating manifest for SCORM 2004.
2025-09-17 06:23:53,798 - INFO - [in /app/app.py:453] - Manifest update complete.
2025-09-17 06:23:53,798 - INFO - [in /app/app.py:210] - Editing adminsettings.xml: SCORM Enabled=True, Licensed=False.
2025-09-17 06:23:53,799 - INFO - [in /app/app.py:218] - Processing adminsettings.xml at: xmls/en/adminsettings.xml
2025-09-17 06:23:53,800 - INFO - [in /app/app.py:237] - Set <UseScorm> to 'true' in xmls/en/adminsettings.xml
2025-09-17 06:23:53,800 - INFO - [in /app/app.py:237] - Set <UseScormVersion12> to 'false' in xmls/en/adminsettings.xml
2025-09-17 06:23:53,801 - INFO - [in /app/app.py:237] - Set <UseScormVersion2004> to 'true' in xmls/en/adminsettings.xml
2025-09-17 06:23:53,801 - INFO - [in /app/app.py:237] - Set <URLOnExit> to '' in xmls/en/adminsettings.xml
2025-09-17 06:23:53,802 - INFO - [in /app/app.py:237] - Set <ReviewMode> to 'false' in xmls/en/adminsettings.xml
2025-09-17 06:23:53,802 - INFO - [in /app/app.py:237] - Set <HostedOniLMS> to 'false' in xmls/en/adminsettings.xml
2025-09-17 06:23:53,803 - INFO - [in /app/app.py:281] - Finished processing 1 adminsettings.xml file(s).
2025-09-17 06:23:53,804 - INFO - [in /app/app.py:340] - Starting JS file edits for SCORM 2004.
2025-09-17 06:23:53,805 - INFO - [in /app/app.py:359] - Standard SCORM 2004 processing.
2025-09-17 06:23:53,806 - INFO - [in /app/app.py:367] - Successfully replaced LMSCommit() in scorm_2004.js.
2025-09-17 06:23:53,807 - INFO - [in /app/app.py:375] - JS file edits for SCORM 2004 completed.
2025-09-17 06:23:53,808 - INFO - [in /app/app.py:465] - Re-zipping the package.
2025-09-17 06:23:54,762 - INFO - [in /app/app.py:470] - Successfully created processed file: How_to_Comply_With_the_GDPR_in_the_US-Advarra_20250917061032_processed_2004.zip
2025-09-17 06:23:54,763 - INFO - [in /app/app.py:485] - --- Successfully finished processing job for: How_to_Comply_With_the_GDPR_in_the_US-Advarra_20250917061032.zip ---
2025-09-17 06:23:54,778 - INFO - [in /app/app.py:495] - Successfully purged original upload: How_to_Comply_With_the_GDPR_in_the_US-Advarra_20250917061032.zip
2025-09-17 06:23:55,264 - INFO - [in /app/app.py:381] - --- Starting new processing job for: Key_Aspects_of_the_GDPR-Advarra_20250917061101.zip ---
2025-09-17 06:23:55,265 - INFO - [in /app/app.py:382] - Parameters: SCORM Type='2004', KnowBe4='False', Licensed='False', SCORM Enabled='True'
2025-09-17 06:23:55,266 - INFO - [in /app/app.py:394] - Unzipping Key_Aspects_of_the_GDPR-Advarra_20250917061101.zip to processed/_temp_Key_Aspects_of_the_GDPR-Advarra_20250917061101.zip
2025-09-17 06:23:55,490 - INFO - [in /app/app.py:398] - Unzipping complete.
2025-09-17 06:23:55,491 - INFO - [in /app/app.py:401] - Validating for imsmanifest.xml
2025-09-17 06:23:55,491 - INFO - [in /app/app.py:407] - Manifest found.
2025-09-17 06:23:55,492 - INFO - [in /app/app.py:412] - Detected engine type: iengine5
2025-09-17 06:23:55,492 - INFO - [in /app/app.py:171] - Starting file cleanup process.
2025-09-17 06:23:55,494 - INFO - [in /app/app.py:183] - Removed file: aicc.cst
2025-09-17 06:23:55,495 - INFO - [in /app/app.py:183] - Removed file: aicc.des
2025-09-17 06:23:55,495 - INFO - [in /app/app.py:183] - Removed file: .gitignore
2025-09-17 06:23:55,496 - INFO - [in /app/app.py:183] - Removed file: README.md
2025-09-17 06:23:55,497 - INFO - [in /app/app.py:195] - Removed directory: .vscode
2025-09-17 06:23:55,497 - INFO - [in /app/app.py:205] - File cleanup process completed.
2025-09-17 06:23:55,498 - INFO - [in /app/app.py:138] - Setting iengine5 licensing DialogIsVisible to False.
2025-09-17 06:23:55,498 - INFO - [in /app/app.py:434] - SCORM is enabled, validating manifest files.
2025-09-17 06:23:55,499 - INFO - [in /app/app.py:442] - Manifests validated.
2025-09-17 06:23:55,499 - INFO - [in /app/app.py:446] - Updating manifest for SCORM 2004.
2025-09-17 06:23:55,500 - INFO - [in /app/app.py:453] - Manifest update complete.
2025-09-17 06:23:55,501 - INFO - [in /app/app.py:210] - Editing adminsettings.xml: SCORM Enabled=True, Licensed=False.
2025-09-17 06:23:55,502 - INFO - [in /app/app.py:218] - Processing adminsettings.xml at: xmls/en/adminsettings.xml
2025-09-17 06:23:55,503 - INFO - [in /app/app.py:237] - Set <UseScorm> to 'true' in xmls/en/adminsettings.xml
2025-09-17 06:23:55,503 - INFO - [in /app/app.py:237] - Set <UseScormVersion12> to 'false' in xmls/en/adminsettings.xml
2025-09-17 06:23:55,503 - INFO - [in /app/app.py:237] - Set <UseScormVersion2004> to 'true' in xmls/en/adminsettings.xml
2025-09-17 06:23:55,504 - INFO - [in /app/app.py:237] - Set <URLOnExit> to '' in xmls/en/adminsettings.xml
2025-09-17 06:23:55,505 - INFO - [in /app/app.py:237] - Set <ReviewMode> to 'false' in xmls/en/adminsettings.xml
2025-09-17 06:23:55,505 - INFO - [in /app/app.py:237] - Set <HostedOniLMS> to 'false' in xmls/en/adminsettings.xml
2025-09-17 06:23:55,506 - INFO - [in /app/app.py:281] - Finished processing 1 adminsettings.xml file(s).
2025-09-17 06:23:55,507 - INFO - [in /app/app.py:340] - Starting JS file edits for SCORM 2004.
2025-09-17 06:23:55,508 - INFO - [in /app/app.py:359] - Standard SCORM 2004 processing.
2025-09-17 06:23:55,508 - INFO - [in /app/app.py:367] - Successfully replaced LMSCommit() in scorm_2004.js.
2025-09-17 06:23:55,509 - INFO - [in /app/app.py:375] - JS file edits for SCORM 2004 completed.
2025-09-17 06:23:55,509 - INFO - [in /app/app.py:465] - Re-zipping the package.
2025-09-17 06:23:56,758 - INFO - [in /app/app.py:470] - Successfully created processed file: Key_Aspects_of_the_GDPR-Advarra_20250917061101_processed_2004.zip
2025-09-17 06:23:56,759 - INFO - [in /app/app.py:485] - --- Successfully finished processing job for: Key_Aspects_of_the_GDPR-Advarra_20250917061101.zip ---
2025-09-17 06:23:56,778 - INFO - [in /app/app.py:495] - Successfully purged original upload: Key_Aspects_of_the_GDPR-Advarra_20250917061101.zip
2025-09-17 06:23:57,191 - INFO - [in /app/app.py:381] - --- Starting new processing job for: Navigating_the_GDPR_for_US_Organisations-Advarra_20250917061044.zip ---
2025-09-17 06:23:57,191 - INFO - [in /app/app.py:382] - Parameters: SCORM Type='2004', KnowBe4='False', Licensed='False', SCORM Enabled='True'
2025-09-17 06:23:57,192 - INFO - [in /app/app.py:394] - Unzipping Navigating_the_GDPR_for_US_Organisations-Advarra_20250917061044.zip to processed/_temp_Navigating_the_GDPR_for_US_Organisations-Advarra_20250917061044.zip
2025-09-17 06:23:57,263 - INFO - [in /app/app.py:398] - Unzipping complete.
2025-09-17 06:23:57,264 - INFO - [in /app/app.py:401] - Validating for imsmanifest.xml
2025-09-17 06:23:57,265 - INFO - [in /app/app.py:407] - Manifest found.
2025-09-17 06:23:57,265 - INFO - [in /app/app.py:412] - Detected engine type: iengine5
2025-09-17 06:23:57,266 - INFO - [in /app/app.py:171] - Starting file cleanup process.
2025-09-17 06:23:57,268 - INFO - [in /app/app.py:183] - Removed file: .gitignore
2025-09-17 06:23:57,268 - INFO - [in /app/app.py:183] - Removed file: README.md
2025-09-17 06:23:57,269 - INFO - [in /app/app.py:195] - Removed directory: .vscode
2025-09-17 06:23:57,270 - INFO - [in /app/app.py:205] - File cleanup process completed.
2025-09-17 06:23:57,272 - INFO - [in /app/app.py:138] - Setting iengine5 licensing DialogIsVisible to False.
2025-09-17 06:23:57,272 - INFO - [in /app/app.py:434] - SCORM is enabled, validating manifest files.
2025-09-17 06:23:57,273 - INFO - [in /app/app.py:442] - Manifests validated.
2025-09-17 06:23:57,274 - INFO - [in /app/app.py:446] - Updating manifest for SCORM 2004.
2025-09-17 06:23:57,275 - INFO - [in /app/app.py:453] - Manifest update complete.
2025-09-17 06:23:57,275 - INFO - [in /app/app.py:210] - Editing adminsettings.xml: SCORM Enabled=True, Licensed=False.
2025-09-17 06:23:57,277 - INFO - [in /app/app.py:218] - Processing adminsettings.xml at: xmls/en/adminsettings.xml
2025-09-17 06:23:57,277 - INFO - [in /app/app.py:237] - Set <UseScorm> to 'true' in xmls/en/adminsettings.xml
2025-09-17 06:23:57,278 - INFO - [in /app/app.py:237] - Set <UseScormVersion12> to 'false' in xmls/en/adminsettings.xml
2025-09-17 06:23:57,278 - INFO - [in /app/app.py:237] - Set <UseScormVersion2004> to 'true' in xmls/en/adminsettings.xml
2025-09-17 06:23:57,278 - INFO - [in /app/app.py:237] - Set <URLOnExit> to '' in xmls/en/adminsettings.xml
2025-09-17 06:23:57,279 - INFO - [in /app/app.py:237] - Set <ReviewMode> to 'false' in xmls/en/adminsettings.xml
2025-09-17 06:23:57,279 - INFO - [in /app/app.py:237] - Set <HostedOniLMS> to 'false' in xmls/en/adminsettings.xml
2025-09-17 06:23:57,281 - INFO - [in /app/app.py:281] - Finished processing 1 adminsettings.xml file(s).
2025-09-17 06:23:57,281 - INFO - [in /app/app.py:340] - Starting JS file edits for SCORM 2004.
2025-09-17 06:23:57,282 - INFO - [in /app/app.py:359] - Standard SCORM 2004 processing.
2025-09-17 06:23:57,282 - INFO - [in /app/app.py:367] - Successfully replaced LMSCommit() in scorm_2004.js.
2025-09-17 06:23:57,283 - INFO - [in /app/app.py:375] - JS file edits for SCORM 2004 completed.
2025-09-17 06:23:57,284 - INFO - [in /app/app.py:465] - Re-zipping the package.
2025-09-17 06:23:57,525 - INFO - [in /app/app.py:470] - Successfully created processed file: Navigating_the_GDPR_for_US_Organisations-Advarra_20250917061044_processed_2004.zip
2025-09-17 06:23:57,526 - INFO - [in /app/app.py:485] - --- Successfully finished processing job for: Navigating_the_GDPR_for_US_Organisations-Advarra_20250917061044.zip ---
2025-09-17 06:23:57,536 - INFO - [in /app/app.py:495] - Successfully purged original upload: Navigating_the_GDPR_for_US_Organisations-Advarra_20250917061044.zip
2025-09-17 06:23:57,917 - INFO - [in /app/app.py:381] - --- Starting new processing job for: Security_Awareness__Be_a_Strong_Link-Advarra_20250917061128.zip ---
2025-09-17 06:23:57,917 - INFO - [in /app/app.py:382] - Parameters: SCORM Type='2004', KnowBe4='False', Licensed='False', SCORM Enabled='True'
2025-09-17 06:23:57,918 - INFO - [in /app/app.py:394] - Unzipping Security_Awareness__Be_a_Strong_Link-Advarra_20250917061128.zip to processed/_temp_Security_Awareness__Be_a_Strong_Link-Advarra_20250917061128.zip
2025-09-17 06:23:58,145 - INFO - [in /app/app.py:398] - Unzipping complete.
2025-09-17 06:23:58,146 - INFO - [in /app/app.py:401] - Validating for imsmanifest.xml
2025-09-17 06:23:58,146 - INFO - [in /app/app.py:407] - Manifest found.
2025-09-17 06:23:58,147 - INFO - [in /app/app.py:412] - Detected engine type: iengine5
2025-09-17 06:23:58,147 - INFO - [in /app/app.py:171] - Starting file cleanup process.
2025-09-17 06:23:58,149 - INFO - [in /app/app.py:183] - Removed file: .gitignore
2025-09-17 06:23:58,150 - INFO - [in /app/app.py:183] - Removed file: README.md
2025-09-17 06:23:58,151 - INFO - [in /app/app.py:195] - Removed directory: .vscode
2025-09-17 06:23:58,152 - INFO - [in /app/app.py:205] - File cleanup process completed.
2025-09-17 06:23:58,153 - INFO - [in /app/app.py:138] - Setting iengine5 licensing DialogIsVisible to False.
2025-09-17 06:23:58,154 - INFO - [in /app/app.py:434] - SCORM is enabled, validating manifest files.
2025-09-17 06:23:58,155 - INFO - [in /app/app.py:442] - Manifests validated.
2025-09-17 06:23:58,156 - INFO - [in /app/app.py:446] - Updating manifest for SCORM 2004.
2025-09-17 06:23:58,156 - INFO - [in /app/app.py:453] - Manifest update complete.
2025-09-17 06:23:58,157 - INFO - [in /app/app.py:210] - Editing adminsettings.xml: SCORM Enabled=True, Licensed=False.
2025-09-17 06:23:58,158 - INFO - [in /app/app.py:218] - Processing adminsettings.xml at: xmls/en/adminsettings.xml
2025-09-17 06:23:58,159 - INFO - [in /app/app.py:237] - Set <UseScorm> to 'true' in xmls/en/adminsettings.xml
2025-09-17 06:23:58,160 - INFO - [in /app/app.py:237] - Set <UseScormVersion12> to 'false' in xmls/en/adminsettings.xml
2025-09-17 06:23:58,160 - INFO - [in /app/app.py:237] - Set <UseScormVersion2004> to 'true' in xmls/en/adminsettings.xml
2025-09-17 06:23:58,161 - INFO - [in /app/app.py:237] - Set <URLOnExit> to '' in xmls/en/adminsettings.xml
2025-09-17 06:23:58,161 - INFO - [in /app/app.py:237] - Set <ReviewMode> to 'false' in xmls/en/adminsettings.xml
2025-09-17 06:23:58,161 - INFO - [in /app/app.py:237] - Set <HostedOniLMS> to 'false' in xmls/en/adminsettings.xml
2025-09-17 06:23:58,163 - INFO - [in /app/app.py:281] - Finished processing 1 adminsettings.xml file(s).
2025-09-17 06:23:58,163 - INFO - [in /app/app.py:340] - Starting JS file edits for SCORM 2004.
2025-09-17 06:23:58,164 - INFO - [in /app/app.py:359] - Standard SCORM 2004 processing.
2025-09-17 06:23:58,165 - INFO - [in /app/app.py:367] - Successfully replaced LMSCommit() in scorm_2004.js.
2025-09-17 06:23:58,165 - INFO - [in /app/app.py:375] - JS file edits for SCORM 2004 completed.
2025-09-17 06:23:58,166 - INFO - [in /app/app.py:465] - Re-zipping the package.
2025-09-17 06:23:59,161 - INFO - [in /app/app.py:470] - Successfully created processed file: Security_Awareness__Be_a_Strong_Link-Advarra_20250917061128_processed_2004.zip
2025-09-17 06:23:59,162 - INFO - [in /app/app.py:485] - --- Successfully finished processing job for: Security_Awareness__Be_a_Strong_Link-Advarra_20250917061128.zip ---
2025-09-17 06:23:59,180 - INFO - [in /app/app.py:495] - Successfully purged original upload: Security_Awareness__Be_a_Strong_Link-Advarra_20250917061128.zip
2025-09-17 06:29:50,736 - INFO - [in /app/app.py:517] - Received request to purge workspace.
2025-09-17 06:29:50,737 - INFO - [in /app/app.py:522] - Purging directory: uploads
2025-09-17 06:29:50,738 - INFO - [in /app/app.py:525] - Purging directory: processed
2025-09-17 06:29:50,739 - INFO - [in /app/app.py:528] - Workspace purged successfully.
2025-09-17 06:29:50,999 - INFO - [in /app/app.py:381] - --- Starting new processing job for: Information_Security_for_Executives-Advarra_20250917061205.zip ---
2025-09-17 06:29:51,000 - INFO - [in /app/app.py:382] - Parameters: SCORM Type='2004', KnowBe4='False', Licensed='False', SCORM Enabled='True'
2025-09-17 06:29:51,002 - INFO - [in /app/app.py:394] - Unzipping Information_Security_for_Executives-Advarra_20250917061205.zip to processed/_temp_Information_Security_for_Executives-Advarra_20250917061205.zip
2025-09-17 06:29:51,124 - INFO - [in /app/app.py:398] - Unzipping complete.
2025-09-17 06:29:51,125 - INFO - [in /app/app.py:401] - Validating for imsmanifest.xml
2025-09-17 06:29:51,126 - INFO - [in /app/app.py:407] - Manifest found.
2025-09-17 06:29:51,126 - INFO - [in /app/app.py:412] - Detected engine type: iengine6
2025-09-17 06:29:51,127 - INFO - [in /app/app.py:171] - Starting file cleanup process.
2025-09-17 06:29:51,129 - INFO - [in /app/app.py:183] - Removed file: .idea/.gitignore
2025-09-17 06:29:51,129 - INFO - [in /app/app.py:183] - Removed file: .gitignore
2025-09-17 06:29:51,130 - INFO - [in /app/app.py:183] - Removed file: README.md
2025-09-17 06:29:51,132 - INFO - [in /app/app.py:195] - Removed directory: .vscode
2025-09-17 06:29:51,134 - INFO - [in /app/app.py:195] - Removed directory: .idea
2025-09-17 06:29:51,135 - INFO - [in /app/app.py:205] - File cleanup process completed.
2025-09-17 06:29:51,136 - INFO - [in /app/app.py:434] - SCORM is enabled, validating manifest files.
2025-09-17 06:29:51,137 - INFO - [in /app/app.py:442] - Manifests validated.
2025-09-17 06:29:51,137 - INFO - [in /app/app.py:446] - Updating manifest for SCORM 2004.
2025-09-17 06:29:51,138 - INFO - [in /app/app.py:453] - Manifest update complete.
2025-09-17 06:29:51,138 - INFO - [in /app/app.py:210] - Editing adminsettings.xml: SCORM Enabled=True, Licensed=False.
2025-09-17 06:29:51,139 - INFO - [in /app/app.py:218] - Processing adminsettings.xml at: xmls/en/adminsettings.xml
2025-09-17 06:29:51,140 - INFO - [in /app/app.py:237] - Set <UseScorm> to 'true' in xmls/en/adminsettings.xml
2025-09-17 06:29:51,141 - INFO - [in /app/app.py:237] - Set <UseScormVersion12> to 'false' in xmls/en/adminsettings.xml
2025-09-17 06:29:51,141 - INFO - [in /app/app.py:237] - Set <UseScormVersion2004> to 'true' in xmls/en/adminsettings.xml
2025-09-17 06:29:51,141 - INFO - [in /app/app.py:237] - Set <URLOnExit> to '' in xmls/en/adminsettings.xml
2025-09-17 06:29:51,141 - INFO - [in /app/app.py:237] - Set <ReviewMode> to 'false' in xmls/en/adminsettings.xml
2025-09-17 06:29:51,142 - INFO - [in /app/app.py:237] - Set <HostedOniLMS> to 'false' in xmls/en/adminsettings.xml
2025-09-17 06:29:51,142 - INFO - [in /app/app.py:258] - Set <EnableCheck> to 'false' in xmls/en/adminsettings.xml
2025-09-17 06:29:51,144 - INFO - [in /app/app.py:281] - Finished processing 1 adminsettings.xml file(s).
2025-09-17 06:29:51,144 - INFO - [in /app/app.py:340] - Starting JS file edits for SCORM 2004.
2025-09-17 06:29:51,145 - INFO - [in /app/app.py:359] - Standard SCORM 2004 processing.
2025-09-17 06:29:51,145 - WARNING - [in /app/app.py:373] - scorm_2004.js not found, skipping edit.
2025-09-17 06:29:51,146 - INFO - [in /app/app.py:375] - JS file edits for SCORM 2004 completed.
2025-09-17 06:29:51,146 - INFO - [in /app/app.py:465] - Re-zipping the package.
2025-09-17 06:29:51,702 - INFO - [in /app/app.py:470] - Successfully created processed file: Information_Security_for_Executives-Advarra_20250917061205_processed_2004.zip
2025-09-17 06:29:51,703 - INFO - [in /app/app.py:485] - --- Successfully finished processing job for: Information_Security_for_Executives-Advarra_20250917061205.zip ---
2025-09-17 06:29:51,709 - INFO - [in /app/app.py:495] - Successfully purged original upload: Information_Security_for_Executives-Advarra_20250917061205.zip
2025-09-17 06:29:52,140 - INFO - [in /app/app.py:381] - --- Starting new processing job for: OWASP_Top_10-Advarra_20250917061202.zip ---
2025-09-17 06:29:52,141 - INFO - [in /app/app.py:382] - Parameters: SCORM Type='2004', KnowBe4='False', Licensed='False', SCORM Enabled='True'
2025-09-17 06:29:52,142 - INFO - [in /app/app.py:394] - Unzipping OWASP_Top_10-Advarra_20250917061202.zip to processed/_temp_OWASP_Top_10-Advarra_20250917061202.zip
2025-09-17 06:29:52,325 - INFO - [in /app/app.py:398] - Unzipping complete.
2025-09-17 06:29:52,326 - INFO - [in /app/app.py:401] - Validating for imsmanifest.xml
2025-09-17 06:29:52,327 - INFO - [in /app/app.py:407] - Manifest found.
2025-09-17 06:29:52,327 - INFO - [in /app/app.py:412] - Detected engine type: iengine6
2025-09-17 06:29:52,328 - INFO - [in /app/app.py:171] - Starting file cleanup process.
2025-09-17 06:29:52,331 - INFO - [in /app/app.py:183] - Removed file: .idea/.gitignore
2025-09-17 06:29:52,332 - INFO - [in /app/app.py:183] - Removed file: README.md
2025-09-17 06:29:52,335 - INFO - [in /app/app.py:195] - Removed directory: .vscode
2025-09-17 06:29:52,336 - INFO - [in /app/app.py:195] - Removed directory: .idea
2025-09-17 06:29:52,337 - INFO - [in /app/app.py:205] - File cleanup process completed.
2025-09-17 06:29:52,337 - INFO - [in /app/app.py:434] - SCORM is enabled, validating manifest files.
2025-09-17 06:29:52,338 - INFO - [in /app/app.py:442] - Manifests validated.
2025-09-17 06:29:52,339 - INFO - [in /app/app.py:446] - Updating manifest for SCORM 2004.
2025-09-17 06:29:52,340 - INFO - [in /app/app.py:453] - Manifest update complete.
2025-09-17 06:29:52,341 - INFO - [in /app/app.py:210] - Editing adminsettings.xml: SCORM Enabled=True, Licensed=False.
2025-09-17 06:29:52,343 - INFO - [in /app/app.py:218] - Processing adminsettings.xml at: xmls/en/adminsettings.xml
2025-09-17 06:29:52,344 - INFO - [in /app/app.py:237] - Set <UseScorm> to 'true' in xmls/en/adminsettings.xml
2025-09-17 06:29:52,345 - INFO - [in /app/app.py:237] - Set <UseScormVersion12> to 'false' in xmls/en/adminsettings.xml
2025-09-17 06:29:52,346 - INFO - [in /app/app.py:237] - Set <UseScormVersion2004> to 'true' in xmls/en/adminsettings.xml
2025-09-17 06:29:52,346 - INFO - [in /app/app.py:237] - Set <URLOnExit> to '' in xmls/en/adminsettings.xml
2025-09-17 06:29:52,347 - INFO - [in /app/app.py:237] - Set <ReviewMode> to 'false' in xmls/en/adminsettings.xml
2025-09-17 06:29:52,347 - INFO - [in /app/app.py:237] - Set <HostedOniLMS> to 'false' in xmls/en/adminsettings.xml
2025-09-17 06:29:52,348 - INFO - [in /app/app.py:258] - Set <EnableCheck> to 'false' in xmls/en/adminsettings.xml
2025-09-17 06:29:52,351 - INFO - [in /app/app.py:281] - Finished processing 1 adminsettings.xml file(s).
2025-09-17 06:29:52,352 - INFO - [in /app/app.py:340] - Starting JS file edits for SCORM 2004.
2025-09-17 06:29:52,354 - INFO - [in /app/app.py:359] - Standard SCORM 2004 processing.
2025-09-17 06:29:52,355 - WARNING - [in /app/app.py:373] - scorm_2004.js not found, skipping edit.
2025-09-17 06:29:52,356 - INFO - [in /app/app.py:375] - JS file edits for SCORM 2004 completed.
2025-09-17 06:29:52,357 - INFO - [in /app/app.py:465] - Re-zipping the package.
2025-09-17 06:29:53,042 - INFO - [in /app/app.py:470] - Successfully created processed file: OWASP_Top_10-Advarra_20250917061202_processed_2004.zip
2025-09-17 06:29:53,043 - INFO - [in /app/app.py:485] - --- Successfully finished processing job for: OWASP_Top_10-Advarra_20250917061202.zip ---
2025-09-17 06:29:53,055 - INFO - [in /app/app.py:495] - Successfully purged original upload: OWASP_Top_10-Advarra_20250917061202.zip
2025-09-17 06:29:53,276 - INFO - [in /app/app.py:381] - --- Starting new processing job for: Privileged_User_Security-Advarra_20250917061208.zip ---
2025-09-17 06:29:53,277 - INFO - [in /app/app.py:382] - Parameters: SCORM Type='2004', KnowBe4='False', Licensed='False', SCORM Enabled='True'
2025-09-17 06:29:53,278 - INFO - [in /app/app.py:394] - Unzipping Privileged_User_Security-Advarra_20250917061208.zip to processed/_temp_Privileged_User_Security-Advarra_20250917061208.zip
2025-09-17 06:29:53,365 - INFO - [in /app/app.py:398] - Unzipping complete.
2025-09-17 06:29:53,366 - INFO - [in /app/app.py:401] - Validating for imsmanifest.xml
2025-09-17 06:29:53,367 - INFO - [in /app/app.py:407] - Manifest found.
2025-09-17 06:29:53,367 - INFO - [in /app/app.py:412] - Detected engine type: iengine6
2025-09-17 06:29:53,368 - INFO - [in /app/app.py:171] - Starting file cleanup process.
2025-09-17 06:29:53,369 - INFO - [in /app/app.py:183] - Removed file: README.md
2025-09-17 06:29:53,370 - INFO - [in /app/app.py:205] - File cleanup process completed.
2025-09-17 06:29:53,370 - INFO - [in /app/app.py:434] - SCORM is enabled, validating manifest files.
2025-09-17 06:29:53,371 - INFO - [in /app/app.py:442] - Manifests validated.
2025-09-17 06:29:53,371 - INFO - [in /app/app.py:446] - Updating manifest for SCORM 2004.
2025-09-17 06:29:53,372 - INFO - [in /app/app.py:453] - Manifest update complete.
2025-09-17 06:29:53,372 - INFO - [in /app/app.py:210] - Editing adminsettings.xml: SCORM Enabled=True, Licensed=False.
2025-09-17 06:29:53,373 - INFO - [in /app/app.py:218] - Processing adminsettings.xml at: xmls/en/adminsettings.xml
2025-09-17 06:29:53,374 - INFO - [in /app/app.py:237] - Set <UseScorm> to 'true' in xmls/en/adminsettings.xml
2025-09-17 06:29:53,374 - INFO - [in /app/app.py:237] - Set <UseScormVersion12> to 'false' in xmls/en/adminsettings.xml
2025-09-17 06:29:53,375 - INFO - [in /app/app.py:237] - Set <UseScormVersion2004> to 'true' in xmls/en/adminsettings.xml
2025-09-17 06:29:53,375 - INFO - [in /app/app.py:237] - Set <URLOnExit> to '' in xmls/en/adminsettings.xml
2025-09-17 06:29:53,375 - INFO - [in /app/app.py:237] - Set <ReviewMode> to 'false' in xmls/en/adminsettings.xml
2025-09-17 06:29:53,376 - INFO - [in /app/app.py:237] - Set <HostedOniLMS> to 'false' in xmls/en/adminsettings.xml
2025-09-17 06:29:53,376 - INFO - [in /app/app.py:258] - Set <EnableCheck> to 'false' in xmls/en/adminsettings.xml
2025-09-17 06:29:53,378 - INFO - [in /app/app.py:281] - Finished processing 1 adminsettings.xml file(s).
2025-09-17 06:29:53,379 - INFO - [in /app/app.py:340] - Starting JS file edits for SCORM 2004.
2025-09-17 06:29:53,379 - INFO - [in /app/app.py:359] - Standard SCORM 2004 processing.
2025-09-17 06:29:53,380 - WARNING - [in /app/app.py:373] - scorm_2004.js not found, skipping edit.
2025-09-17 06:29:53,380 - INFO - [in /app/app.py:375] - JS file edits for SCORM 2004 completed.
2025-09-17 06:29:53,381 - INFO - [in /app/app.py:465] - Re-zipping the package.
2025-09-17 06:29:53,811 - INFO - [in /app/app.py:470] - Successfully created processed file: Privileged_User_Security-Advarra_20250917061208_processed_2004.zip
2025-09-17 06:29:53,812 - INFO - [in /app/app.py:485] - --- Successfully finished processing job for: Privileged_User_Security-Advarra_20250917061208.zip ---
2025-09-17 06:29:53,820 - INFO - [in /app/app.py:495] - Successfully purged original upload: Privileged_User_Security-Advarra_20250917061208.zip
2025-09-17 06:29:54,305 - INFO - [in /app/app.py:381] - --- Starting new processing job for: Security_Awareness_for_Managers-Advarra_20250917061211.zip ---
2025-09-17 06:29:54,306 - INFO - [in /app/app.py:382] - Parameters: SCORM Type='2004', KnowBe4='False', Licensed='False', SCORM Enabled='True'
2025-09-17 06:29:54,307 - INFO - [in /app/app.py:394] - Unzipping Security_Awareness_for_Managers-Advarra_20250917061211.zip to processed/_temp_Security_Awareness_for_Managers-Advarra_20250917061211.zip
2025-09-17 06:29:54,455 - INFO - [in /app/app.py:398] - Unzipping complete.
2025-09-17 06:29:54,456 - INFO - [in /app/app.py:401] - Validating for imsmanifest.xml
2025-09-17 06:29:54,456 - INFO - [in /app/app.py:407] - Manifest found.
2025-09-17 06:29:54,457 - INFO - [in /app/app.py:412] - Detected engine type: iengine6
2025-09-17 06:29:54,458 - INFO - [in /app/app.py:171] - Starting file cleanup process.
2025-09-17 06:29:54,462 - INFO - [in /app/app.py:183] - Removed file: .idea/.gitignore
2025-09-17 06:29:54,463 - INFO - [in /app/app.py:183] - Removed file: .gitignore
2025-09-17 06:29:54,465 - INFO - [in /app/app.py:183] - Removed file: README.md
2025-09-17 06:29:54,467 - INFO - [in /app/app.py:195] - Removed directory: .idea
2025-09-17 06:29:54,468 - INFO - [in /app/app.py:205] - File cleanup process completed.
2025-09-17 06:29:54,468 - INFO - [in /app/app.py:434] - SCORM is enabled, validating manifest files.
2025-09-17 06:29:54,469 - INFO - [in /app/app.py:442] - Manifests validated.
2025-09-17 06:29:54,469 - INFO - [in /app/app.py:446] - Updating manifest for SCORM 2004.
2025-09-17 06:29:54,470 - INFO - [in /app/app.py:453] - Manifest update complete.
2025-09-17 06:29:54,470 - INFO - [in /app/app.py:210] - Editing adminsettings.xml: SCORM Enabled=True, Licensed=False.
2025-09-17 06:29:54,471 - INFO - [in /app/app.py:218] - Processing adminsettings.xml at: xmls/en/adminsettings.xml
2025-09-17 06:29:54,472 - INFO - [in /app/app.py:237] - Set <UseScorm> to 'true' in xmls/en/adminsettings.xml
2025-09-17 06:29:54,474 - INFO - [in /app/app.py:237] - Set <UseScormVersion12> to 'false' in xmls/en/adminsettings.xml
2025-09-17 06:29:54,475 - INFO - [in /app/app.py:237] - Set <UseScormVersion2004> to 'true' in xmls/en/adminsettings.xml
2025-09-17 06:29:54,475 - INFO - [in /app/app.py:237] - Set <URLOnExit> to '' in xmls/en/adminsettings.xml
2025-09-17 06:29:54,475 - INFO - [in /app/app.py:237] - Set <ReviewMode> to 'false' in xmls/en/adminsettings.xml
2025-09-17 06:29:54,476 - INFO - [in /app/app.py:237] - Set <HostedOniLMS> to 'false' in xmls/en/adminsettings.xml
2025-09-17 06:29:54,476 - INFO - [in /app/app.py:258] - Set <EnableCheck> to 'false' in xmls/en/adminsettings.xml
2025-09-17 06:29:54,477 - INFO - [in /app/app.py:281] - Finished processing 1 adminsettings.xml file(s).
2025-09-17 06:29:54,478 - INFO - [in /app/app.py:340] - Starting JS file edits for SCORM 2004.
2025-09-17 06:29:54,478 - INFO - [in /app/app.py:359] - Standard SCORM 2004 processing.
2025-09-17 06:29:54,479 - WARNING - [in /app/app.py:373] - scorm_2004.js not found, skipping edit.
2025-09-17 06:29:54,479 - INFO - [in /app/app.py:375] - JS file edits for SCORM 2004 completed.
2025-09-17 06:29:54,479 - INFO - [in /app/app.py:465] - Re-zipping the package.
2025-09-17 06:29:55,058 - INFO - [in /app/app.py:470] - Successfully created processed file: Security_Awareness_for_Managers-Advarra_20250917061211_processed_2004.zip
2025-09-17 06:29:55,059 - INFO - [in /app/app.py:485] - --- Successfully finished processing job for: Security_Awareness_for_Managers-Advarra_20250917061211.zip ---
2025-09-17 06:29:55,075 - INFO - [in /app/app.py:495] - Successfully purged original upload: Security_Awareness_for_Managers-Advarra_20250917061211.zip
2025-11-07 18:17:42,468 - INFO - [in /app/logging_config.py:49] - Logging has been successfully configured.
2025-11-07 18:17:42,591 - INFO - [in /app/logging_config.py:49] - Logging has been successfully configured.
2025-11-07 18:17:42,721 - INFO - [in /app/logging_config.py:49] - Logging has been successfully configured.
2025-11-07 18:17:42,782 - INFO - [in /app/logging_config.py:49] - Logging has been successfully configured.
2025-11-07 18:17:42,798 - INFO - [in /app/logging_config.py:49] - Logging has been successfully configured.
2025-11-10 19:33:14,335 - INFO - [in /app/logging_config.py:49] - Logging has been successfully configured.
2025-11-10 19:33:14,335 - INFO - [in /app/logging_config.py:49] - Logging has been successfully configured.
2025-11-10 19:33:14,335 - INFO - [in /app/logging_config.py:49] - Logging has been successfully configured.
2025-11-10 19:33:14,335 - INFO - [in /app/logging_config.py:49] - Logging has been successfully configured.
2025-11-10 19:33:14,335 - INFO - [in /app/logging_config.py:49] - Logging has been successfully configured.
2025-11-10 19:33:40,580 - INFO - [in /app/logging_config.py:49] - Logging has been successfully configured.
2025-11-10 19:33:40,660 - INFO - [in /app/logging_config.py:49] - Logging has been successfully configured.
2025-11-10 19:33:40,660 - INFO - [in /app/logging_config.py:49] - Logging has been successfully configured.
2025-11-10 19:33:40,728 - INFO - [in /app/logging_config.py:49] - Logging has been successfully configured.
2025-11-10 19:33:40,839 - INFO - [in /app/logging_config.py:49] - Logging has been successfully configured.
2025-11-10 20:07:13,547 - INFO - [in /app/logging_config.py:49] - Logging has been successfully configured.
2025-11-10 20:07:13,646 - INFO - [in /app/logging_config.py:49] - Logging has been successfully configured.
2025-11-10 20:07:13,733 - INFO - [in /app/logging_config.py:49] - Logging has been successfully configured.
2025-11-10 20:07:13,765 - INFO - [in /app/logging_config.py:49] - Logging has been successfully configured.
2025-11-10 20:07:13,809 - INFO - [in /app/logging_config.py:49] - Logging has been successfully configured.
